Archive member included to satisfy reference by file (symbol)

/home/daniele/.cache/arduino/sketches/CDEF04E6A355EC0E37B06F49DE7C264F/core/core.a(USB.cpp.o)
                              /home/daniele/.cache/arduino/sketches/CDEF04E6A355EC0E37B06F49DE7C264F/sketch/CameraCaptureUdpStream.ino.cpp.o (arduino::SerialUSB_::operator bool())
/home/daniele/.cache/arduino/sketches/CDEF04E6A355EC0E37B06F49DE7C264F/core/core.a(abi.cpp.o)
                              (__cxa_allocate_exception)
/home/daniele/.cache/arduino/sketches/CDEF04E6A355EC0E37B06F49DE7C264F/core/core.a(IPAddress.cpp.o)
                              /home/daniele/.cache/arduino/sketches/CDEF04E6A355EC0E37B06F49DE7C264F/sketch/CameraCaptureUdpStream.ino.cpp.o (vtable for arduino::IPAddress)
/home/daniele/.cache/arduino/sketches/CDEF04E6A355EC0E37B06F49DE7C264F/core/core.a(Print.cpp.o)
                              /home/daniele/.cache/arduino/sketches/CDEF04E6A355EC0E37B06F49DE7C264F/sketch/CameraCaptureUdpStream.ino.cpp.o (arduino::Print::print(char const*))
/home/daniele/.cache/arduino/sketches/CDEF04E6A355EC0E37B06F49DE7C264F/core/core.a(String.cpp.o)
                              /home/daniele/.cache/arduino/sketches/CDEF04E6A355EC0E37B06F49DE7C264F/sketch/CameraCaptureUdpStream.ino.cpp.o (arduino::String::~String())
/home/daniele/.cache/arduino/sketches/CDEF04E6A355EC0E37B06F49DE7C264F/core/core.a(itoa.cpp.o)
                              /home/daniele/.cache/arduino/sketches/CDEF04E6A355EC0E37B06F49DE7C264F/core/core.a(String.cpp.o) (dtostrf)
/home/daniele/.cache/arduino/sketches/CDEF04E6A355EC0E37B06F49DE7C264F/core/core.a(llext_wrappers.c.o)
                              /home/daniele/.cache/arduino/sketches/CDEF04E6A355EC0E37B06F49DE7C264F/sketch/CameraCaptureUdpStream.ino.cpp.o (memcpy)
/home/daniele/.cache/arduino/sketches/CDEF04E6A355EC0E37B06F49DE7C264F/core/core.a(main.cpp.o)
                              (main)
/home/daniele/.cache/arduino/sketches/CDEF04E6A355EC0E37B06F49DE7C264F/core/core.a(new.cpp.o)
                              /home/daniele/.cache/arduino/sketches/CDEF04E6A355EC0E37B06F49DE7C264F/sketch/CameraCaptureUdpStream.ino.cpp.o (operator new(unsigned int))
/home/daniele/.cache/arduino/sketches/CDEF04E6A355EC0E37B06F49DE7C264F/core/core.a(threads.cpp.o)
                              /home/daniele/.cache/arduino/sketches/CDEF04E6A355EC0E37B06F49DE7C264F/core/core.a(main.cpp.o) (start_static_threads())
/home/daniele/.cache/arduino/sketches/CDEF04E6A355EC0E37B06F49DE7C264F/core/core.a(usb_device_descriptor.c.o)
                              /home/daniele/.cache/arduino/sketches/CDEF04E6A355EC0E37B06F49DE7C264F/core/core.a(USB.cpp.o) (usbd_init_device)
/home/daniele/.cache/arduino/sketches/CDEF04E6A355EC0E37B06F49DE7C264F/core/core.a(wiring_analog.cpp.o)
                              /home/daniele/.cache/arduino/sketches/CDEF04E6A355EC0E37B06F49DE7C264F/core/pure_analog_pins.cpp.o (analogRead)
/home/daniele/.cache/arduino/sketches/CDEF04E6A355EC0E37B06F49DE7C264F/core/core.a(wiring_digital.cpp.o)
                              /home/daniele/.cache/arduino/sketches/CDEF04E6A355EC0E37B06F49DE7C264F/sketch/CameraCaptureUdpStream.ino.cpp.o (pinMode)
/home/daniele/.cache/arduino/sketches/CDEF04E6A355EC0E37B06F49DE7C264F/core/core.a(zephyrPinctrl.cpp.o)
                              /home/daniele/.cache/arduino/sketches/CDEF04E6A355EC0E37B06F49DE7C264F/libraries/Camera/camera.cpp.o (zephyr::arduino::init_dev_apply_channel_pinctrl(device const*, unsigned int))
/home/daniele/.cache/arduino/sketches/CDEF04E6A355EC0E37B06F49DE7C264F/core/core.a(zephyrSerial.cpp.o)
                              /home/daniele/.cache/arduino/sketches/CDEF04E6A355EC0E37B06F49DE7C264F/core/core.a(USB.cpp.o) (arduino::ZephyrSerial::read())
/home/daniele/.cache/arduino/sketches/CDEF04E6A355EC0E37B06F49DE7C264F/core/core.a(zephyrCommon.cpp.o)
                              /home/daniele/.cache/arduino/sketches/CDEF04E6A355EC0E37B06F49DE7C264F/core/core.a(zephyrSerial.cpp.o) (yield)
/home/daniele/.arduino15/packages/zephyr/tools/arm-zephyr-eabi/1.0.1/bin/../lib/gcc/arm-zephyr-eabi/14.3.0/../../../../arm-zephyr-eabi/lib/thumb/v7e-m+dp/hard/libstdc++.a(list.o)
                              /home/daniele/.cache/arduino/sketches/CDEF04E6A355EC0E37B06F49DE7C264F/sketch/CameraCaptureUdpStream.ino.cpp.o (std::__detail::_List_node_base::_M_hook(std::__detail::_List_node_base*))
/home/daniele/.arduino15/packages/zephyr/tools/arm-zephyr-eabi/1.0.1/bin/../lib/gcc/arm-zephyr-eabi/14.3.0/../../../../arm-zephyr-eabi/lib/thumb/v7e-m+dp/hard/libstdc++.a(functexcept.o)
                              /home/daniele/.cache/arduino/sketches/CDEF04E6A355EC0E37B06F49DE7C264F/sketch/CameraCaptureUdpStream.ino.cpp.o (std::__throw_length_error(char const*))
/home/daniele/.arduino15/packages/zephyr/tools/arm-zephyr-eabi/1.0.1/bin/../lib/gcc/arm-zephyr-eabi/14.3.0/../../../../arm-zephyr-eabi/lib/thumb/v7e-m+dp/hard/libstdc++.a(shared_ptr.o)
[...]
Memory Configuration

Name             Origin             Length             Attributes
*default*        0x00000000         0xffffffff

Linker script and memory map

LOAD /home/daniele/.arduino15/packages/zephyr/tools/arm-zephyr-eabi/1.0.1/bin/../lib/gcc/arm-zephyr-eabi/14.3.0/../../../../arm-zephyr-eabi/lib/thumb/v7e-m+dp/hard/libnosys.a
LOAD /home/daniele/.cache/arduino/sketches/CDEF04E6A355EC0E37B06F49DE7C264F/sketch/CameraCaptureUdpStream.ino.cpp.o
LOAD /home/daniele/.cache/arduino/sketches/CDEF04E6A355EC0E37B06F49DE7C264F/libraries/WiFi/WiFi.cpp.o
LOAD /home/daniele/.cache/arduino/sketches/CDEF04E6A355EC0E37B06F49DE7C264F/libraries/SocketWrapper/SocketHelpers.cpp.o
LOAD /home/daniele/.cache/arduino/sketches/CDEF04E6A355EC0E37B06F49DE7C264F/libraries/SocketWrapper/ZephyrSSLClient.cpp.o
LOAD /home/daniele/.cache/arduino/sketches/CDEF04E6A355EC0E37B06F49DE7C264F/libraries/Camera/camera.cpp.o
LOAD /home/daniele/.cache/arduino/sketches/CDEF04E6A355EC0E37B06F49DE7C264F/core/pure_analog_pins.cpp.o
LOAD /home/daniele/.cache/arduino/sketches/CDEF04E6A355EC0E37B06F49DE7C264F/core/tls-syms.S.o
LOAD /home/daniele/.cache/arduino/sketches/CDEF04E6A355EC0E37B06F49DE7C264F/core/variant.cpp.o
START GROUP
LOAD /home/daniele/.cache/arduino/sketches/CDEF04E6A355EC0E37B06F49DE7C264F/core/core.a
LOAD /home/daniele/.arduino15/packages/zephyr/tools/arm-zephyr-eabi/1.0.1/bin/../lib/gcc/arm-zephyr-eabi/14.3.0/../../../../arm-zephyr-eabi/lib/thumb/v7e-m+dp/hard/libstdc++.a
LOAD /home/daniele/.arduino15/packages/zephyr/tools/arm-zephyr-eabi/1.0.1/bin/../lib/gcc/arm-zephyr-eabi/14.3.0/../../../../arm-zephyr-eabi/lib/thumb/v7e-m+dp/hard/libsupc++.a
LOAD /home/daniele/.arduino15/packages/zephyr/tools/arm-zephyr-eabi/1.0.1/bin/../lib/gcc/arm-zephyr-eabi/14.3.0/../../../../arm-zephyr-eabi/lib/thumb/v7e-m+dp/hard/libm.a
LOAD /home/daniele/.arduino15/packages/zephyr/tools/arm-zephyr-eabi/1.0.1/bin/../lib/gcc/arm-zephyr-eabi/14.3.0/thumb/v7e-m+dp/hard/libgcc.a
LOAD /home/daniele/.arduino15/packages/zephyr/tools/arm-zephyr-eabi/1.0.1/bin/../lib/gcc/arm-zephyr-eabi/14.3.0/../../../../arm-zephyr-eabi/lib/thumb/v7e-m+dp/hard/libc.a
END GROUP

/DISCARD/
 *(.ARM.attributes)
 *(.ARM.attributes.*)
 *(.ARM.exidx)
 *(.ARM.exidx.*)
 *(.ARM.extidx)
 *(.ARM.extidx.*)
 *(.ARM.extab)
 *(.ARM.extab.*)
 *(.comment)
 *(.comment.*)
 *(.llvmbc)
 *(.llvmcmd)
 *(.eh_frame)

.text           0x00000000     0x3036
 *(.text)
 *(.stub)
 *(.text*)
 .text._ZN7arduino5Print17availableForWriteEv
                0x00000000        0x4 /home/daniele/.cache/arduino/sketches/CDEF04E6A355EC0E37B06F49DE7C264F/sketch/CameraCaptureUdpStream.ino.cpp.o
                0x00000000                arduino::Print::availableForWrite()
 .text._ZN9ZephyrUDP10remotePortEv
                0x00000004        0x8 /home/daniele/.cache/arduino/sketches/CDEF04E6A355EC0E37B06F49DE7C264F/sketch/CameraCaptureUdpStream.ino.cpp.o
                0x00000004                ZephyrUDP::remotePort()
 .text._ZN9ZephyrUDP9availableEv
                0x0000000c       0x28 /home/daniele/.cache/arduino/sketches/CDEF04E6A355EC0E37B06F49DE7C264F/sketch/CameraCaptureUdpStream.ino.cpp.o
                0x0000000c                ZephyrUDP::available()
 .text._ZNSt23_Sp_counted_ptr_inplaceIN9ZephyrUDP11UdpRxPacketESaIvELN9__gnu_cxx12_Lock_policyE0EED2Ev
                0x00000034        0x2 /home/daniele/.cache/arduino/sketches/CDEF04E6A355EC0E37B06F49DE7C264F/sketch/CameraCaptureUdpStream.ino.cpp.o
                0x00000034                std::_Sp_counted_ptr_inplace<ZephyrUDP::UdpRxPacket, std::allocator<void>, (__gnu_cxx::_Lock_policy)0>::~_Sp_counted_ptr_inplace()
                0x00000034                std::_Sp_counted_ptr_inplace<ZephyrUDP::UdpRxPacket, std::allocator<void>, (__gnu_cxx::_Lock_policy)0>::~_Sp_counted_ptr_inplace()
 *fill*         0x00000036        0x2 
 .text._ZNSt23_Sp_counted_ptr_inplaceIN9ZephyrUDP11UdpRxPacketESaIvELN9__gnu_cxx12_Lock_policyE0EED0Ev
                0x00000038       0x14 /home/daniele/.cache/arduino/sketches/CDEF04E6A355EC0E37B06F49DE7C264F/sketch/CameraCaptureUdpStream.ino.cpp.o
                0x00000038                std::_Sp_counted_ptr_inplace<ZephyrUDP::UdpRxPacket, std::allocator<void>, (__gnu_cxx::_Lock_policy)0>::~_Sp_counted_ptr_inplace()
 .text._ZNSt23_Sp_counted_ptr_inplaceIN9ZephyrUDP11UdpRxPacketESaIvELN9__gnu_cxx12_Lock_policyE0EE10_M_destroyEv
                0x0000004c        0xc /home/daniele/.cache/arduino/sketches/CDEF04E6A355EC0E37B06F49DE7C264F/sketch/CameraCaptureUdpStream.ino.cpp.o
                0x0000004c                std::_Sp_counted_ptr_inplace<ZephyrUDP::UdpRxPacket, std::allocator<void>, (__gnu_cxx::_Lock_policy)0>::_M_destroy()
 .text._ZN9ZephyrUDP9endPacketEv
                0x00000058       0x3c /home/daniele/.cache/arduino/sketches/CDEF04E6A355EC0E37B06F49DE7C264F/sketch/CameraCaptureUdpStream.ino.cpp.o
                0x00000058                ZephyrUDP::endPacket()
 .text._ZN9ZephyrUDP8remoteIPEv
                0x00000094       0x30 /home/daniele/.cache/arduino/sketches/CDEF04E6A355EC0E37B06F49DE7C264F/sketch/CameraCaptureUdpStream.ino.cpp.o
                0x00000094                ZephyrUDP::remoteIP()
 .text._ZNSt23_Sp_counted_ptr_inplaceIN9ZephyrUDP11UdpRxPacketESaIvELN9__gnu_cxx12_Lock_policyE0EE14_M_get_deleterERKSt9type_info
                0x000000c4       0x28 /home/daniele/.cache/arduino/sketches/CDEF04E6A355EC0E37B06F49DE7C264F/sketch/CameraCaptureUdpStream.ino.cpp.o
                0x000000c4                std::_Sp_counted_ptr_inplace<ZephyrUDP::UdpRxPacket, std::allocator<void>, (__gnu_cxx::_Lock_policy)0>::_M_get_deleter(std::type_info const&)
 .text.zsock_ioctl_wrapper.constprop.0
                0x000000ec       0x20 /home/daniele/.cache/arduino/sketches/CDEF04E6A355EC0E37B06F49DE7C264F/sketch/CameraCaptureUdpStream.ino.cpp.o
 .text._ZNSt23_Sp_counted_ptr_inplaceIN9ZephyrUDP11UdpRxPacketESaIvELN9__gnu_cxx12_Lock_policyE0EE10_M_disposeEv
                0x0000010c       0x38 /home/daniele/.cache/arduino/sketches/CDEF04E6A355EC0E37B06F49DE7C264F/sketch/CameraCaptureUdpStream.ino.cpp.o
                0x0000010c                std::_Sp_counted_ptr_inplace<ZephyrUDP::UdpRxPacket, std::allocator<void>, (__gnu_cxx::_Lock_policy)0>::_M_dispose()
 .text._ZN9ZephyrUDP11beginPacketEN7arduino9IPAddressEt
                0x00000144       0x2a /home/daniele/.cache/arduino/sketches/CDEF04E6A355EC0E37B06F49DE7C264F/sketch/CameraCaptureUdpStream.ino.cpp.o
                0x00000144                ZephyrUDP::beginPacket(arduino::IPAddress, unsigned short)
 *fill*         0x0000016e        0x2 
 .text._ZN9ZephyrUDP5beginEt
                0x00000170       0x5c /home/daniele/.cache/arduino/sketches/CDEF04E6A355EC0E37B06F49DE7C264F/sketch/CameraCaptureUdpStream.ino.cpp.o
                0x00000170                ZephyrUDP::begin(unsigned short)
 .text.k_sleep.isra.0
                0x000001cc        0x8 /home/daniele/.cache/arduino/sketches/CDEF04E6A355EC0E37B06F49DE7C264F/sketch/CameraCaptureUdpStream.ino.cpp.o
 .text._ZN9ZephyrUDP11beginPacketEPKct
                0x000001d4       0x84 /home/daniele/.cache/arduino/sketches/CDEF04E6A355EC0E37B06F49DE7C264F/sketch/CameraCaptureUdpStream.ino.cpp.o
                0x000001d4                ZephyrUDP::beginPacket(char const*, unsigned short)
 .text._ZN9ZephyrUDP4peekEv
                0x00000258       0x10 /home/daniele/.cache/arduino/sketches/CDEF04E6A355EC0E37B06F49DE7C264F/sketch/CameraCaptureUdpStream.ino.cpp.o
                0x00000258                ZephyrUDP::peek()
 .text._ZN9ZephyrUDP14beginMulticastEN7arduino9IPAddressEt
                0x00000268       0x4c /home/daniele/.cache/arduino/sketches/CDEF04E6A355EC0E37B06F49DE7C264F/sketch/CameraCaptureUdpStream.ino.cpp.o
                0x00000268                ZephyrUDP::beginMulticast(arduino::IPAddress, unsigned short)
 .text._ZN9ZephyrUDP4stopEv
                0x000002b4       0x1c /home/daniele/.cache/arduino/sketches/CDEF04E6A355EC0E37B06F49DE7C264F/sketch/CameraCaptureUdpStream.ino.cpp.o
                0x000002b4                ZephyrUDP::stop()
 .text._ZNSt16_Sp_counted_baseILN9__gnu_cxx12_Lock_policyE0EE10_M_releaseEv
                0x000002d0       0x28 /home/daniele/.cache/arduino/sketches/CDEF04E6A355EC0E37B06F49DE7C264F/sketch/CameraCaptureUdpStream.ino.cpp.o
                0x000002d0                std::_Sp_counted_base<(__gnu_cxx::_Lock_policy)0>::_M_release()
 .text._Z11fatal_errorPKc
                0x000002f8       0x48 /home/daniele/.cache/arduino/sketches/CDEF04E6A355EC0E37B06F49DE7C264F/sketch/CameraCaptureUdpStream.ino.cpp.o
                0x000002f8                fatal_error(char const*)
 .text._Z15connect_to_wifiv
                0x00000340       0xbc /home/daniele/.cache/arduino/sketches/CDEF04E6A355EC0E37B06F49DE7C264F/sketch/CameraCaptureUdpStream.ino.cpp.o
                0x00000340                connect_to_wifi()
 .text._ZNSt14__shared_countILN9__gnu_cxx12_Lock_policyE0EED2Ev
                0x000003fc       0x14 /home/daniele/.cache/arduino/sketches/CDEF04E6A355EC0E37B06F49DE7C264F/sketch/CameraCaptureUdpStream.ino.cpp.o
                0x000003fc                std::__shared_count<(__gnu_cxx::_Lock_policy)0>::~__shared_count()
                0x000003fc                std::__shared_count<(__gnu_cxx::_Lock_policy)0>::~__shared_count()
 .text._ZNSt7__cxx114listISt10shared_ptrIN9ZephyrUDP11UdpRxPacketEESaIS4_EE9pop_frontEv
                0x00000410       0x30 /home/daniele/.cache/arduino/sketches/CDEF04E6A355EC0E37B06F49DE7C264F/sketch/CameraCaptureUdpStream.ino.cpp.o
                0x00000410                std::__cxx11::list<std::shared_ptr<ZephyrUDP::UdpRxPacket>, std::allocator<std::shared_ptr<ZephyrUDP::UdpRxPacket> > >::pop_front()
 .text._ZNSt12__shared_ptrIN9ZephyrUDP11UdpRxPacketELN9__gnu_cxx12_Lock_policyE0EE5resetEv
                0x00000440       0x20 /home/daniele/.cache/arduino/sketches/CDEF04E6A355EC0E37B06F49DE7C264F/sketch/CameraCaptureUdpStream.ino.cpp.o
                0x00000440                std::__shared_ptr<ZephyrUDP::UdpRxPacket, (__gnu_cxx::_Lock_policy)0>::reset()
 .text._ZN9ZephyrUDP5flushEv
                0x00000460       0x14 /home/daniele/.cache/arduino/sketches/CDEF04E6A355EC0E37B06F49DE7C264F/sketch/CameraCaptureUdpStream.ino.cpp.o
                0x00000460                ZephyrUDP::flush()
 .text._ZN9ZephyrUDP11parsePacketEv
                0x00000474      0x218 /home/daniele/.cache/arduino/sketches/CDEF04E6A355EC0E37B06F49DE7C264F/sketch/CameraCaptureUdpStream.ino.cpp.o
                0x00000474                ZephyrUDP::parsePacket()
 .text._ZNSt5dequeIhSaIhEE9pop_frontEv
                0x0000068c       0x34 /home/daniele/.cache/arduino/sketches/CDEF04E6A355EC0E37B06F49DE7C264F/sketch/CameraCaptureUdpStream.ino.cpp.o
                0x0000068c                std::deque<unsigned char, std::allocator<unsigned char> >::pop_front()
 .text._ZN9ZephyrUDP11UdpRxPacket4readEPhj
                0x000006c0       0x38 /home/daniele/.cache/arduino/sketches/CDEF04E6A355EC0E37B06F49DE7C264F/sketch/CameraCaptureUdpStream.ino.cpp.o
                0x000006c0                ZephyrUDP::UdpRxPacket::read(unsigned char*, unsigned int)
 .text._ZN9ZephyrUDP4readEPcj
                0x000006f8       0x18 /home/daniele/.cache/arduino/sketches/CDEF04E6A355EC0E37B06F49DE7C264F/sketch/CameraCaptureUdpStream.ino.cpp.o
                0x000006f8                ZephyrUDP::read(char*, unsigned int)
 .text._ZN9ZephyrUDP4readEPhj
                0x00000710       0x18 /home/daniele/.cache/arduino/sketches/CDEF04E6A355EC0E37B06F49DE7C264F/sketch/CameraCaptureUdpStream.ino.cpp.o
                0x00000710                ZephyrUDP::read(unsigned char*, unsigned int)
 .text._ZN9ZephyrUDP4readEv
                0x00000728       0x20 /home/daniele/.cache/arduino/sketches/CDEF04E6A355EC0E37B06F49DE7C264F/sketch/CameraCaptureUdpStream.ino.cpp.o
                0x00000728                ZephyrUDP::read()
 .text._ZNSt6vectorIhSaIhEE17_M_realloc_appendIJRKhEEEvDpOT_
                0x00000748       0x90 /home/daniele/.cache/arduino/sketches/CDEF04E6A355EC0E37B06F49DE7C264F/sketch/CameraCaptureUdpStream.ino.cpp.o
                0x00000748                void std::vector<unsigned char, std::allocator<unsigned char> >::_M_realloc_append<unsigned char const&>(unsigned char const&)
 .text._ZNSt6vectorIhSaIhEE9push_backERKh
                0x000007d8       0x30 /home/daniele/.cache/arduino/sketches/CDEF04E6A355EC0E37B06F49DE7C264F/sketch/CameraCaptureUdpStream.ino.cpp.o
                0x000007d8                std::vector<unsigned char, std::allocator<unsigned char> >::push_back(unsigned char const&)
 .text._ZN9ZephyrUDP5writeEh
                0x00000808       0x1c /home/daniele/.cache/arduino/sketches/CDEF04E6A355EC0E37B06F49DE7C264F/sketch/CameraCaptureUdpStream.ino.cpp.o
                0x00000808                ZephyrUDP::write(unsigned char)
 .text._ZN9ZephyrUDP5writeEPKhj
                0x00000824       0x2c /home/daniele/.cache/arduino/sketches/CDEF04E6A355EC0E37B06F49DE7C264F/sketch/CameraCaptureUdpStream.ino.cpp.o
                0x00000824                ZephyrUDP::write(unsigned char const*, unsigned int)
 .text._ZSt14__copy_move_a1ILb0EPhSt20back_insert_iteratorISt6vectorIhSaIhEEEET1_T0_S7_S6_
                0x00000850       0x20 /home/daniele/.cache/arduino/sketches/CDEF04E6A355EC0E37B06F49DE7C264F/sketch/CameraCaptureUdpStream.ino.cpp.o
                0x00000850                std::back_insert_iterator<std::vector<unsigned char, std::allocator<unsigned char> > > std::__copy_move_a1<false, unsigned char*, std::back_insert_iterator<std::vector<unsigned char, std::allocator<unsigned char> > > >(unsigned char*, unsigned char*, std::back_insert_iterator<std::vector<unsigned char, std::allocator<unsigned char> > >)
 .text._Z22write_udp_frame_headerjjtt
                0x00000870       0x34 /home/daniele/.cache/arduino/sketches/CDEF04E6A355EC0E37B06F49DE7C264F/sketch/CameraCaptureUdpStream.ino.cpp.o
                0x00000870                write_udp_frame_header(unsigned int, unsigned int, unsigned short, unsigned short)
 .text._Z19send_frame_over_udpPKhjj
                0x000008a4      0x154 /home/daniele/.cache/arduino/sketches/CDEF04E6A355EC0E37B06F49DE7C264F/sketch/CameraCaptureUdpStream.ino.cpp.o
                0x000008a4                send_frame_over_udp(unsigned char const*, unsigned int, unsigned int)
 .text.loop     0x000009f8       0x80 /home/daniele/.cache/arduino/sketches/CDEF04E6A355EC0E37B06F49DE7C264F/sketch/CameraCaptureUdpStream.ino.cpp.o
                0x000009f8                loop
 .text._ZN9ZephyrUDP5writeEPhj
                0x00000a78       0x1c /home/daniele/.cache/arduino/sketches/CDEF04E6A355EC0E37B06F49DE7C264F/sketch/CameraCaptureUdpStream.ino.cpp.o
                0x00000a78                ZephyrUDP::write(unsigned char*, unsigned int)
 .text._GLOBAL__sub_I_WIFI_SSID
                0x00000a94       0x70 /home/daniele/.cache/arduino/sketches/CDEF04E6A355EC0E37B06F49DE7C264F/sketch/CameraCaptureUdpStream.ino.cpp.o
 .text._GLOBAL__sub_D_WIFI_SSID
                0x00000b04       0x60 /home/daniele/.cache/arduino/sketches/CDEF04E6A355EC0E37B06F49DE7C264F/sketch/CameraCaptureUdpStream.ino.cpp.o
 .text.setup    0x00000b64       0xa4 /home/daniele/.cache/arduino/sketches/CDEF04E6A355EC0E37B06F49DE7C264F/sketch/CameraCaptureUdpStream.ino.cpp.o
                0x00000b64                setup
 .text.net_if_flag_is_set
                0x00000c08       0x18 /home/daniele/.cache/arduino/sketches/CDEF04E6A355EC0E37B06F49DE7C264F/libraries/WiFi/WiFi.cpp.o
 .text.net_if_is_up
                0x00000c20       0x20 /home/daniele/.cache/arduino/sketches/CDEF04E6A355EC0E37B06F49DE7C264F/libraries/WiFi/WiFi.cpp.o
 .text._ZN9WiFiClassD2Ev
                0x00000c40       0x24 /home/daniele/.cache/arduino/sketches/CDEF04E6A355EC0E37B06F49DE7C264F/libraries/WiFi/WiFi.cpp.o
                0x00000c40                WiFiClass::~WiFiClass()
                0x00000c40                WiFiClass::~WiFiClass()
 .text._ZN9WiFiClassD0Ev
                0x00000c64       0x20 /home/daniele/.cache/arduino/sketches/CDEF04E6A355EC0E37B06F49DE7C264F/libraries/WiFi/WiFi.cpp.o
                0x00000c64                WiFiClass::~WiFiClass()
 .text._ZN9WiFiClassC2Ev
                0x00000c84       0x3c /home/daniele/.cache/arduino/sketches/CDEF04E6A355EC0E37B06F49DE7C264F/libraries/WiFi/WiFi.cpp.o
                0x00000c84                WiFiClass::WiFiClass()
                0x00000c84                WiFiClass::WiFiClass()
 .text._ZN9WiFiClass25registerScanEventCallbackEv
                0x00000cc0       0x34 /home/daniele/.cache/arduino/sketches/CDEF04E6A355EC0E37B06F49DE7C264F/libraries/WiFi/WiFi.cpp.o
                0x00000cc0                WiFiClass::registerScanEventCallback()
 .text._ZN9WiFiClass6statusEv
                0x00000cf4       0x5c /home/daniele/.cache/arduino/sketches/CDEF04E6A355EC0E37B06F49DE7C264F/libraries/WiFi/WiFi.cpp.o
                0x00000cf4                WiFiClass::status()
 .text._ZN9WiFiClass10disconnectEv
                0x00000d50       0x38 /home/daniele/.cache/arduino/sketches/CDEF04E6A355EC0E37B06F49DE7C264F/libraries/WiFi/WiFi.cpp.o
                0x00000d50                WiFiClass::disconnect()
 .text._ZN9WiFiClass12scanNetworksEv
                0x00000d88      0x138 /home/daniele/.cache/arduino/sketches/CDEF04E6A355EC0E37B06F49DE7C264F/libraries/WiFi/WiFi.cpp.o
                0x00000d88                WiFiClass::scanNetworks()
 .text._ZN9WiFiClass5beginEPKcS1_11wl_enc_typeb
                0x00000ec0      0x130 /home/daniele/.cache/arduino/sketches/CDEF04E6A355EC0E37B06F49DE7C264F/libraries/WiFi/WiFi.cpp.o
                0x00000ec0                WiFiClass::begin(char const*, char const*, wl_enc_type, bool)
 .text._ZNSt6vectorI16wifi_scan_resultSaIS0_EE17_M_realloc_appendIJRKS0_EEEvDpOT_
                0x00000ff0       0xac /home/daniele/.cache/arduino/sketches/CDEF04E6A355EC0E37B06F49DE7C264F/libraries/WiFi/WiFi.cpp.o
                0x00000ff0                void std::vector<wifi_scan_result, std::allocator<wifi_scan_result> >::_M_realloc_append<wifi_scan_result const&>(wifi_scan_result const&)
 .text._ZN9WiFiClass16handleScanResultEPK16wifi_scan_result
                0x0000109c       0xb4 /home/daniele/.cache/arduino/sketches/CDEF04E6A355EC0E37B06F49DE7C264F/libraries/WiFi/WiFi.cpp.o
                0x0000109c                WiFiClass::handleScanResult(wifi_scan_result const*)
 .text._ZN9WiFiClass20wifiScanEventHandlerEP23net_mgmt_event_callbackyP6net_if
                0x00001150       0x38 /home/daniele/.cache/arduino/sketches/CDEF04E6A355EC0E37B06F49DE7C264F/libraries/WiFi/WiFi.cpp.o
                0x00001150                WiFiClass::wifiScanEventHandler(net_mgmt_event_callback*, unsigned long long, net_if*)
 .text._GLOBAL__sub_I_WiFi
                0x00001188       0x10 /home/daniele/.cache/arduino/sketches/CDEF04E6A355EC0E37B06F49DE7C264F/libraries/WiFi/WiFi.cpp.o
 .text._GLOBAL__sub_D_WiFi
                0x00001198       0x14 /home/daniele/.cache/arduino/sketches/CDEF04E6A355EC0E37B06F49DE7C264F/libraries/WiFi/WiFi.cpp.o
 .text._ZN16NetworkInterface10disconnectEv
                0x000011ac       0x14 /home/daniele/.cache/arduino/sketches/CDEF04E6A355EC0E37B06F49DE7C264F/libraries/SocketWrapper/SocketHelpers.cpp.o
                0x000011ac                NetworkInterface::disconnect()
 .text.net_if_flag_is_set
                0x000011c0       0x18 /home/daniele/.cache/arduino/sketches/CDEF04E6A355EC0E37B06F49DE7C264F/libraries/SocketWrapper/SocketHelpers.cpp.o
 .text._ZN16NetworkInterface4dhcpEv
                0x000011d8       0x20 /home/daniele/.cache/arduino/sketches/CDEF04E6A355EC0E37B06F49DE7C264F/libraries/SocketWrapper/SocketHelpers.cpp.o
                0x000011d8                NetworkInterface::dhcp()
 .text._ZN16NetworkInterface7localIPEv
                0x000011f8       0x18 /home/daniele/.cache/arduino/sketches/CDEF04E6A355EC0E37B06F49DE7C264F/libraries/SocketWrapper/SocketHelpers.cpp.o
                0x000011f8                NetworkInterface::localIP()
 .text._ZN16NetworkInterface5beginEby
                0x00001210       0x7c /home/daniele/.cache/arduino/sketches/CDEF04E6A355EC0E37B06F49DE7C264F/libraries/SocketWrapper/SocketHelpers.cpp.o
                0x00001210                NetworkInterface::begin(bool, unsigned long long)
 .text._Z31user_video_buffer_aligned_allocjj11k_timeout_t
                0x0000128c       0x88 /home/daniele/.cache/arduino/sketches/CDEF04E6A355EC0E37B06F49DE7C264F/libraries/Camera/camera.cpp.o
                0x0000128c                user_video_buffer_aligned_alloc(unsigned int, unsigned int, k_timeout_t)
 .text._Z25user_video_buffer_releaseP12video_buffer
                0x00001314       0x4c /home/daniele/.cache/arduino/sketches/CDEF04E6A355EC0E37B06F49DE7C264F/libraries/Camera/camera.cpp.o
                0x00001314                user_video_buffer_release(video_buffer*)
 .text._ZN11FrameBufferC2Ev
                0x00001360        0x6 /home/daniele/.cache/arduino/sketches/CDEF04E6A355EC0E37B06F49DE7C264F/libraries/Camera/camera.cpp.o
                0x00001360                FrameBuffer::FrameBuffer()
                0x00001360                FrameBuffer::FrameBuffer()
 .text._ZN11FrameBuffer13getBufferSizeEv
                0x00001366        0x8 /home/daniele/.cache/arduino/sketches/CDEF04E6A355EC0E37B06F49DE7C264F/libraries/Camera/camera.cpp.o
                0x00001366                FrameBuffer::getBufferSize()
 .text._ZN11FrameBuffer9getBufferEv
                0x0000136e        0x8 /home/daniele/.cache/arduino/sketches/CDEF04E6A355EC0E37B06F49DE7C264F/libraries/Camera/camera.cpp.o
                0x0000136e                FrameBuffer::getBuffer()
 .text._ZN6CameraC2Ev
                0x00001376        0xc /home/daniele/.cache/arduino/sketches/CDEF04E6A355EC0E37B06F49DE7C264F/libraries/Camera/camera.cpp.o
                0x00001376                Camera::Camera()
                0x00001376                Camera::Camera()
 *fill*         0x00001382        0x2 
 .text._ZN6Camera5beginEjjjb
                0x00001384      0x254 /home/daniele/.cache/arduino/sketches/CDEF04E6A355EC0E37B06F49DE7C264F/libraries/Camera/camera.cpp.o
                0x00001384                Camera::begin(unsigned int, unsigned int, unsigned int, bool)
 .text._ZN6Camera9grabFrameER11FrameBufferj
                0x000015d8       0x90 /home/daniele/.cache/arduino/sketches/CDEF04E6A355EC0E37B06F49DE7C264F/libraries/Camera/camera.cpp.o
                0x000015d8                Camera::grabFrame(FrameBuffer&, unsigned int)
 .text._ZN6Camera12releaseFrameER11FrameBuffer
                0x00001668       0x38 /home/daniele/.cache/arduino/sketches/CDEF04E6A355EC0E37B06F49DE7C264F/libraries/Camera/camera.cpp.o
                0x00001668                Camera::releaseFrame(FrameBuffer&)
 .text._ZN6Camera15setVerticalFlipEb
                0x000016a0       0x2c /home/daniele/.cache/arduino/sketches/CDEF04E6A355EC0E37B06F49DE7C264F/libraries/Camera/camera.cpp.o
                0x000016a0                Camera::setVerticalFlip(bool)
 .text._ZN6Camera19setHorizontalMirrorEb
                0x000016cc       0x2c /home/daniele/.cache/arduino/sketches/CDEF04E6A355EC0E37B06F49DE7C264F/libraries/Camera/camera.cpp.o
                0x000016cc                Camera::setHorizontalMirror(bool)
 .text._GLOBAL__sub_I_A0_PURE
                0x000016f8       0x2c /home/daniele/.cache/arduino/sketches/CDEF04E6A355EC0E37B06F49DE7C264F/core/pure_analog_pins.cpp.o
 .text._Z12_on_1200_bpsv
                0x00001724       0x40 /home/daniele/.cache/arduino/sketches/CDEF04E6A355EC0E37B06F49DE7C264F/core/variant.cpp.o
                0x00001724                _on_1200_bps()
 .text._ZN7arduino10SerialUSB_5beginEm
                0x00001764        0xa /home/daniele/.cache/arduino/sketches/CDEF04E6A355EC0E37B06F49DE7C264F/core/core.a(USB.cpp.o)
                0x00001764                arduino::SerialUSB_::begin(unsigned long)
 .text._ZN7arduino10SerialUSB_5writeEh
                0x0000176e       0x18 /home/daniele/.cache/arduino/sketches/CDEF04E6A355EC0E37B06F49DE7C264F/core/core.a(USB.cpp.o)
                0x0000176e                arduino::SerialUSB_::write(unsigned char)
 *fill*         0x00001786        0x2 
 .text._ZN7arduino12ZephyrSerial3endEv
                0x00001788        0xc /home/daniele/.cache/arduino/sketches/CDEF04E6A355EC0E37B06F49DE7C264F/core/core.a(USB.cpp.o)
                0x00001788                arduino::ZephyrSerial::end()
 .text._ZN7arduino10SerialUSB_cvbEv
                0x00001794       0x40 /home/daniele/.cache/arduino/sketches/CDEF04E6A355EC0E37B06F49DE7C264F/core/core.a(USB.cpp.o)
                0x00001794                arduino::SerialUSB_::operator bool()
 .text._ZN7arduino10SerialUSB_5writeEPKhj
                0x000017d4       0x2c /home/daniele/.cache/arduino/sketches/CDEF04E6A355EC0E37B06F49DE7C264F/core/core.a(USB.cpp.o)
                0x000017d4                arduino::SerialUSB_::write(unsigned char const*, unsigned int)
 .text._ZN7arduino10SerialUSB_5flushEv
                0x00001800       0x24 /home/daniele/.cache/arduino/sketches/CDEF04E6A355EC0E37B06F49DE7C264F/core/core.a(USB.cpp.o)
                0x00001800                arduino::SerialUSB_::flush()
 .text._ZN7arduino10SerialUSB_11usb_disableEv
                0x00001824       0x28 /home/daniele/.cache/arduino/sketches/CDEF04E6A355EC0E37B06F49DE7C264F/core/core.a(USB.cpp.o)
                0x00001824                arduino::SerialUSB_::usb_disable()
 .text._ZN7arduino10SerialUSB_12usbd_next_cbEP12usbd_contextPK8usbd_msg
                0x0000184c       0x64 /home/daniele/.cache/arduino/sketches/CDEF04E6A355EC0E37B06F49DE7C264F/core/core.a(USB.cpp.o)
                0x0000184c                arduino::SerialUSB_::usbd_next_cb(usbd_context*, usbd_msg const*)
 .text._ZN7arduino10SerialUSB_22enable_usb_device_nextEv
                0x000018b0       0x3c /home/daniele/.cache/arduino/sketches/CDEF04E6A355EC0E37B06F49DE7C264F/core/core.a(USB.cpp.o)
                0x000018b0                arduino::SerialUSB_::enable_usb_device_next()
 .text._ZN7arduino10SerialUSB_5beginEmt
                0x000018ec       0x2c /home/daniele/.cache/arduino/sketches/CDEF04E6A355EC0E37B06F49DE7C264F/core/core.a(USB.cpp.o)
                0x000018ec                arduino::SerialUSB_::begin(unsigned long, unsigned short)
 .text._ZN7arduino12ZephyrSerial18ZephyrSerialBufferILi1024EEC2Ev
                0x00001918       0x2c /home/daniele/.cache/arduino/sketches/CDEF04E6A355EC0E37B06F49DE7C264F/core/core.a(USB.cpp.o)
                0x00001918                arduino::ZephyrSerial::ZephyrSerialBuffer<1024>::ZephyrSerialBuffer()
                0x00001918                arduino::ZephyrSerial::ZephyrSerialBuffer<1024>::ZephyrSerialBuffer()
 .text._GLOBAL__sub_I__ZN7arduino10SerialUSB_17baudChangeHandlerEPK6devicej
                0x00001944       0x48 /home/daniele/.cache/arduino/sketches/CDEF04E6A355EC0E37B06F49DE7C264F/core/core.a(USB.cpp.o)
 .text.__cxa_atexit
                0x0000198c        0x4 /home/daniele/.cache/arduino/sketches/CDEF04E6A355EC0E37B06F49DE7C264F/core/core.a(abi.cpp.o)
                0x0000198c                __cxa_atexit
 .text.__cxa_allocate_exception
                0x00001990        0xc /home/daniele/.cache/arduino/sketches/CDEF04E6A355EC0E37B06F49DE7C264F/core/core.a(abi.cpp.o)
                0x00001990                __cxa_allocate_exception
 .text.__cxa_free_exception
                0x0000199c        0x2 /home/daniele/.cache/arduino/sketches/CDEF04E6A355EC0E37B06F49DE7C264F/core/core.a(abi.cpp.o)
                0x0000199c                __cxa_free_exception
 *fill*         0x0000199e        0x2 
 .text.__cxa_throw
                0x000019a0        0xc /home/daniele/.cache/arduino/sketches/CDEF04E6A355EC0E37B06F49DE7C264F/core/core.a(abi.cpp.o)
                0x000019a0                __cxa_throw
 .text.__cxa_end_cleanup
                0x000019ac        0xc /home/daniele/.cache/arduino/sketches/CDEF04E6A355EC0E37B06F49DE7C264F/core/core.a(abi.cpp.o)
                0x000019ac                __cxa_end_cleanup
 .text.__gxx_personality_v0
                0x000019b8        0xc /home/daniele/.cache/arduino/sketches/CDEF04E6A355EC0E37B06F49DE7C264F/core/core.a(abi.cpp.o)
                0x000019b8                __gxx_personality_v0
 .text.__aeabi_unwind_cpp_pr0
                0x000019c4        0xc /home/daniele/.cache/arduino/sketches/CDEF04E6A355EC0E37B06F49DE7C264F/core/core.a(abi.cpp.o)
                0x000019c4                __aeabi_unwind_cpp_pr0
 .text.__aeabi_unwind_cpp_pr1
                0x000019d0        0xc /home/daniele/.cache/arduino/sketches/CDEF04E6A355EC0E37B06F49DE7C264F/core/core.a(abi.cpp.o)
                0x000019d0                __aeabi_unwind_cpp_pr1
 .text._ZNK7arduino9IPAddress7printToERNS_5PrintE
                0x000019dc      0x160 /home/daniele/.cache/arduino/sketches/CDEF04E6A355EC0E37B06F49DE7C264F/core/core.a(IPAddress.cpp.o)
                0x000019dc                arduino::IPAddress::printTo(arduino::Print&) const
 .text._ZN7arduino9IPAddressC2ENS_6IPTypeE
                0x00001b3c       0x20 /home/daniele/.cache/arduino/sketches/CDEF04E6A355EC0E37B06F49DE7C264F/core/core.a(IPAddress.cpp.o)
                0x00001b3c                arduino::IPAddress::IPAddress(arduino::IPType)
                0x00001b3c                arduino::IPAddress::IPAddress(arduino::IPType)
 .text._ZN7arduino9IPAddressC2Ev
                0x00001b5c       0x14 /home/daniele/.cache/arduino/sketches/CDEF04E6A355EC0E37B06F49DE7C264F/core/core.a(IPAddress.cpp.o)
                0x00001b5c                arduino::IPAddress::IPAddress()
                0x00001b5c                arduino::IPAddress::IPAddress()
 .text._ZN7arduino9IPAddressC2Ehhhh
                0x00001b70       0x24 /home/daniele/.cache/arduino/sketches/CDEF04E6A355EC0E37B06F49DE7C264F/core/core.a(IPAddress.cpp.o)
                0x00001b70                arduino::IPAddress::IPAddress(unsigned char, unsigned char, unsigned char, unsigned char)
                0x00001b70                arduino::IPAddress::IPAddress(unsigned char, unsigned char, unsigned char, unsigned char)
 .text._ZN7arduino9IPAddressC2Ej
                0x00001b94       0x18 /home/daniele/.cache/arduino/sketches/CDEF04E6A355EC0E37B06F49DE7C264F/core/core.a(IPAddress.cpp.o)
                0x00001b94                arduino::IPAddress::IPAddress(unsigned int)
                0x00001b94                arduino::IPAddress::IPAddress(unsigned int)
 .text._GLOBAL__sub_I__ZN7arduino9IPAddressC2Ev
                0x00001bac       0x2c /home/daniele/.cache/arduino/sketches/CDEF04E6A355EC0E37B06F49DE7C264F/core/core.a(IPAddress.cpp.o)
 .text._ZN7arduino5Print5writeEPKc
                0x00001bd8       0x24 /home/daniele/.cache/arduino/sketches/CDEF04E6A355EC0E37B06F49DE7C264F/core/core.a(Print.cpp.o)
                0x00001bd8                arduino::Print::write(char const*)
 .text._ZN7arduino5Print5printERKNS_6StringE
                0x00001bfc        0xa /home/daniele/.cache/arduino/sketches/CDEF04E6A355EC0E37B06F49DE7C264F/core/core.a(Print.cpp.o)
                0x00001bfc                arduino::Print::print(arduino::String const&)
 *fill*         0x00001c06        0x2 
 .text._ZN7arduino5Print5printEPKc
                0x00001c08        0xc /home/daniele/.cache/arduino/sketches/CDEF04E6A355EC0E37B06F49DE7C264F/core/core.a(Print.cpp.o)
                0x00001c08                arduino::Print::print(char const*)
 .text._ZN7arduino5Print5printEc
                0x00001c14        0x6 /home/daniele/.cache/arduino/sketches/CDEF04E6A355EC0E37B06F49DE7C264F/core/core.a(Print.cpp.o)
                0x00001c14                arduino::Print::print(char)
 .text._ZN7arduino5Print5printERKNS_9PrintableE
                0x00001c1a        0xc /home/daniele/.cache/arduino/sketches/CDEF04E6A355EC0E37B06F49DE7C264F/core/core.a(Print.cpp.o)
                0x00001c1a                arduino::Print::print(arduino::Printable const&)
 *fill*         0x00001c26        0x2 
 .text._ZN7arduino5Print7printlnEv
                0x00001c28       0x14 /home/daniele/.cache/arduino/sketches/CDEF04E6A355EC0E37B06F49DE7C264F/core/core.a(Print.cpp.o)
                0x00001c28                arduino::Print::println()
 .text._ZN7arduino5Print7printlnEPKNS_19__FlashStringHelperE
                0x00001c3c       0x1c /home/daniele/.cache/arduino/sketches/CDEF04E6A355EC0E37B06F49DE7C264F/core/core.a(Print.cpp.o)
                0x00001c3c                arduino::Print::println(arduino::__FlashStringHelper const*)
 .text._ZN7arduino5Print7printlnERKNS_6StringE
                0x00001c58       0x1c /home/daniele/.cache/arduino/sketches/CDEF04E6A355EC0E37B06F49DE7C264F/core/core.a(Print.cpp.o)
                0x00001c58                arduino::Print::println(arduino::String const&)
 .text._ZN7arduino5Print7printlnEPKc
                0x00001c74        0x8 /home/daniele/.cache/arduino/sketches/CDEF04E6A355EC0E37B06F49DE7C264F/core/core.a(Print.cpp.o)
                0x00001c74                arduino::Print::println(char const*)
 .text._ZN7arduino5Print7printlnERKNS_9PrintableE
                0x00001c7c       0x1c /home/daniele/.cache/arduino/sketches/CDEF04E6A355EC0E37B06F49DE7C264F/core/core.a(Print.cpp.o)
                0x00001c7c                arduino::Print::println(arduino::Printable const&)
 .text._ZN7arduino5Print11printNumberEmh
                0x00001c98       0x44 /home/daniele/.cache/arduino/sketches/CDEF04E6A355EC0E37B06F49DE7C264F/core/core.a(Print.cpp.o)
                0x00001c98                arduino::Print::printNumber(unsigned long, unsigned char)
 .text._ZN7arduino5Print5printEmi
                0x00001cdc       0x20 /home/daniele/.cache/arduino/sketches/CDEF04E6A355EC0E37B06F49DE7C264F/core/core.a(Print.cpp.o)
                0x00001cdc                arduino::Print::print(unsigned long, int)
 .text._ZN7arduino5Print5printEhi
                0x00001cfc        0x8 /home/daniele/.cache/arduino/sketches/CDEF04E6A355EC0E37B06F49DE7C264F/core/core.a(Print.cpp.o)
                0x00001cfc                arduino::Print::print(unsigned char, int)
 .text._ZN7arduino6StringD2Ev
                0x00001d04       0x14 /home/daniele/.cache/arduino/sketches/CDEF04E6A355EC0E37B06F49DE7C264F/core/core.a(String.cpp.o)
                0x00001d04                arduino::String::~String()
                0x00001d04                arduino::String::~String()
 .text._ZN7arduino6String10invalidateEv
                0x00001d18       0x1c /home/daniele/.cache/arduino/sketches/CDEF04E6A355EC0E37B06F49DE7C264F/core/core.a(String.cpp.o)
                0x00001d18                arduino::String::invalidate()
 .text._ZN7arduino6String12changeBufferEj
                0x00001d34       0x1c /home/daniele/.cache/arduino/sketches/CDEF04E6A355EC0E37B06F49DE7C264F/core/core.a(String.cpp.o)
                0x00001d34                arduino::String::changeBuffer(unsigned int)
 .text._ZN7arduino6String7reserveEj
                0x00001d50       0x28 /home/daniele/.cache/arduino/sketches/CDEF04E6A355EC0E37B06F49DE7C264F/core/core.a(String.cpp.o)
                0x00001d50                arduino::String::reserve(unsigned int)
 .text._ZN7arduino6String4copyEPKcj
                0x00001d78       0x3c /home/daniele/.cache/arduino/sketches/CDEF04E6A355EC0E37B06F49DE7C264F/core/core.a(String.cpp.o)
                0x00001d78                arduino::String::copy(char const*, unsigned int)
 .text._ZN7arduino6StringC2EPKc
                0x00001db4       0x2c /home/daniele/.cache/arduino/sketches/CDEF04E6A355EC0E37B06F49DE7C264F/core/core.a(String.cpp.o)
                0x00001db4                arduino::String::String(char const*)
                0x00001db4                arduino::String::String(char const*)
 .text._ZN7arduino6StringaSEPKc
                0x00001de0       0x30 /home/daniele/.cache/arduino/sketches/CDEF04E6A355EC0E37B06F49DE7C264F/core/core.a(String.cpp.o)
                0x00001de0                arduino::String::operator=(char const*)
 .text._ZN7arduino6StringC2Eih
                0x00001e10       0x2c /home/daniele/.cache/arduino/sketches/CDEF04E6A355EC0E37B06F49DE7C264F/core/core.a(String.cpp.o)
                0x00001e10                arduino::String::String(int, unsigned char)
                0x00001e10                arduino::String::String(int, unsigned char)
 .text._ZN7arduino6StringC2Ejh
                0x00001e3c       0x2c /home/daniele/.cache/arduino/sketches/CDEF04E6A355EC0E37B06F49DE7C264F/core/core.a(String.cpp.o)
                0x00001e3c                arduino::String::String(unsigned int, unsigned char)
                0x00001e3c                arduino::String::String(unsigned int, unsigned char)
 .text._ZN7arduino6String6concatEPKcj
                0x00001e68       0x40 /home/daniele/.cache/arduino/sketches/CDEF04E6A355EC0E37B06F49DE7C264F/core/core.a(String.cpp.o)
                0x00001e68                arduino::String::concat(char const*, unsigned int)
 .text._ZN7arduino6String6concatEPKc.part.0
                0x00001ea8       0x24 /home/daniele/.cache/arduino/sketches/CDEF04E6A355EC0E37B06F49DE7C264F/core/core.a(String.cpp.o)
 .text._ZN7arduino6String6concatEPKc
                0x00001ecc       0x10 /home/daniele/.cache/arduino/sketches/CDEF04E6A355EC0E37B06F49DE7C264F/core/core.a(String.cpp.o)
                0x00001ecc                arduino::String::concat(char const*)
 .text._ZN7arduinoplERKNS_15StringSumHelperERKNS_6StringE
                0x00001edc       0x20 /home/daniele/.cache/arduino/sketches/CDEF04E6A355EC0E37B06F49DE7C264F/core/core.a(String.cpp.o)
                0x00001edc                arduino::operator+(arduino::StringSumHelper const&, arduino::String const&)
 .text._ZN7arduinoplERKNS_15StringSumHelperEPKc
                0x00001efc       0x24 /home/daniele/.cache/arduino/sketches/CDEF04E6A355EC0E37B06F49DE7C264F/core/core.a(String.cpp.o)
                0x00001efc                arduino::operator+(arduino::StringSumHelper const&, char const*)
 .text.ltoa     0x00001f20       0x78 /home/daniele/.cache/arduino/sketches/CDEF04E6A355EC0E37B06F49DE7C264F/core/core.a(itoa.cpp.o)
                0x00001f20                ltoa
 .text.itoa     0x00001f98        0x8 /home/daniele/.cache/arduino/sketches/CDEF04E6A355EC0E37B06F49DE7C264F/core/core.a(itoa.cpp.o)
                0x00001f98                itoa
 .text.ultoa    0x00001fa0       0x5c /home/daniele/.cache/arduino/sketches/CDEF04E6A355EC0E37B06F49DE7C264F/core/core.a(itoa.cpp.o)
                0x00001fa0                ultoa
 .text.utoa     0x00001ffc        0x8 /home/daniele/.cache/arduino/sketches/CDEF04E6A355EC0E37B06F49DE7C264F/core/core.a(itoa.cpp.o)
                0x00001ffc                utoa
 .text.memcpy   0x00002004        0x8 /home/daniele/.cache/arduino/sketches/CDEF04E6A355EC0E37B06F49DE7C264F/core/core.a(llext_wrappers.c.o)
                0x00002004                memcpy
 .text.memmove  0x0000200c        0x8 /home/daniele/.cache/arduino/sketches/CDEF04E6A355EC0E37B06F49DE7C264F/core/core.a(llext_wrappers.c.o)
                0x0000200c                memmove
 .text.strlen   0x00002014        0x8 /home/daniele/.cache/arduino/sketches/CDEF04E6A355EC0E37B06F49DE7C264F/core/core.a(llext_wrappers.c.o)
                0x00002014                strlen
 .text.strcmp   0x0000201c        0x8 /home/daniele/.cache/arduino/sketches/CDEF04E6A355EC0E37B06F49DE7C264F/core/core.a(llext_wrappers.c.o)
                0x0000201c                strcmp
 .text.strncmp  0x00002024        0x8 /home/daniele/.cache/arduino/sketches/CDEF04E6A355EC0E37B06F49DE7C264F/core/core.a(llext_wrappers.c.o)
                0x00002024                strncmp
 .text.memset   0x0000202c        0x8 /home/daniele/.cache/arduino/sketches/CDEF04E6A355EC0E37B06F49DE7C264F/core/core.a(llext_wrappers.c.o)
                0x0000202c                memset
 .text.__xpg_strerror_r
                0x00002034        0x8 /home/daniele/.cache/arduino/sketches/CDEF04E6A355EC0E37B06F49DE7C264F/core/core.a(llext_wrappers.c.o)
                0x00002034                __xpg_strerror_r
 .text.malloc   0x0000203c        0x8 /home/daniele/.cache/arduino/sketches/CDEF04E6A355EC0E37B06F49DE7C264F/core/core.a(llext_wrappers.c.o)
                0x0000203c                malloc
 .text.realloc  0x00002044        0x8 /home/daniele/.cache/arduino/sketches/CDEF04E6A355EC0E37B06F49DE7C264F/core/core.a(llext_wrappers.c.o)
                0x00002044                realloc
 .text.free     0x0000204c        0x8 /home/daniele/.cache/arduino/sketches/CDEF04E6A355EC0E37B06F49DE7C264F/core/core.a(llext_wrappers.c.o)
                0x0000204c                free
 .text.abort    0x00002054        0xc /home/daniele/.cache/arduino/sketches/CDEF04E6A355EC0E37B06F49DE7C264F/core/core.a(llext_wrappers.c.o)
                0x00002054                abort
 .text.initVariant
                0x00002060        0x2 /home/daniele/.cache/arduino/sketches/CDEF04E6A355EC0E37B06F49DE7C264F/core/core.a(main.cpp.o)
                0x00002060                initVariant
 .text._Z10__loopHookv
                0x00002062        0x2 /home/daniele/.cache/arduino/sketches/CDEF04E6A355EC0E37B06F49DE7C264F/core/core.a(main.cpp.o)
                0x00002062                __loopHook()
 .text.main     0x00002064       0x44 /home/daniele/.cache/arduino/sketches/CDEF04E6A355EC0E37B06F49DE7C264F/core/core.a(main.cpp.o)
                0x00002064                main
 .text._ZL10new_helperj
                0x000020a8       0x10 /home/daniele/.cache/arduino/sketches/CDEF04E6A355EC0E37B06F49DE7C264F/core/core.a(new.cpp.o)
 .text._Znwj    0x000020b8        0x8 /home/daniele/.cache/arduino/sketches/CDEF04E6A355EC0E37B06F49DE7C264F/core/core.a(new.cpp.o)
                0x000020b8                operator new(unsigned int)
 .text._ZnwjPv  0x000020c0        0x4 /home/daniele/.cache/arduino/sketches/CDEF04E6A355EC0E37B06F49DE7C264F/core/core.a(new.cpp.o)
                0x000020c0                operator new(unsigned int, void*)
 .text._ZdlPv   0x000020c4        0x8 /home/daniele/.cache/arduino/sketches/CDEF04E6A355EC0E37B06F49DE7C264F/core/core.a(new.cpp.o)
                0x000020c4                operator delete(void*)
 .text._ZdlPvj  0x000020cc        0x8 /home/daniele/.cache/arduino/sketches/CDEF04E6A355EC0E37B06F49DE7C264F/core/core.a(new.cpp.o)
                0x000020cc                operator delete(void*, unsigned int)
 .text._Z20start_static_threadsv
                0x000020d4       0x6c /home/daniele/.cache/arduino/sketches/CDEF04E6A355EC0E37B06F49DE7C264F/core/core.a(threads.cpp.o)
                0x000020d4                start_static_threads()
 .text.usbd_setup_device
                0x00002140       0xe4 /home/daniele/.cache/arduino/sketches/CDEF04E6A355EC0E37B06F49DE7C264F/core/core.a(usb_device_descriptor.c.o)
                0x00002140                usbd_setup_device
 .text.usbd_init_device
                0x00002224       0x28 /home/daniele/.cache/arduino/sketches/CDEF04E6A355EC0E37B06F49DE7C264F/core/core.a(usb_device_descriptor.c.o)
                0x00002224                usbd_init_device
 .text.gpio_pin_configure_dt.isra.0
                0x0000224c       0x2c /home/daniele/.cache/arduino/sketches/CDEF04E6A355EC0E37B06F49DE7C264F/core/core.a(wiring_digital.cpp.o)
 .text.pinMode  0x00002278       0x40 /home/daniele/.cache/arduino/sketches/CDEF04E6A355EC0E37B06F49DE7C264F/core/core.a(wiring_digital.cpp.o)
                0x00002278                pinMode
 .text.digitalWrite
                0x000022b8       0x3c /home/daniele/.cache/arduino/sketches/CDEF04E6A355EC0E37B06F49DE7C264F/core/core.a(wiring_digital.cpp.o)
                0x000022b8                digitalWrite
 .text._ZN6zephyr7arduinoL29init_device_with_dependenciesEPK6device
                0x000022f4       0xd4 /home/daniele/.cache/arduino/sketches/CDEF04E6A355EC0E37B06F49DE7C264F/core/core.a(zephyrPinctrl.cpp.o)
 .text._ZN6zephyr7arduino30init_dev_apply_channel_pinctrlEPK6devicej
                0x000023c8       0x80 /home/daniele/.cache/arduino/sketches/CDEF04E6A355EC0E37B06F49DE7C264F/core/core.a(zephyrPinctrl.cpp.o)
                0x000023c8                zephyr::arduino::init_dev_apply_channel_pinctrl(device const*, unsigned int)
 .text._ZN6zephyr7arduino22init_dev_apply_pinctrlEPK6device
                0x00002448       0x10 /home/daniele/.cache/arduino/sketches/CDEF04E6A355EC0E37B06F49DE7C264F/core/core.a(zephyrPinctrl.cpp.o)
                0x00002448                zephyr::arduino::init_dev_apply_pinctrl(device const*)
 .text.z_impl_uart_irq_tx_enable
                0x00002458        0xa /home/daniele/.cache/arduino/sketches/CDEF04E6A355EC0E37B06F49DE7C264F/core/core.a(zephyrSerial.cpp.o)
 .text._ZN7arduino12ZephyrSerial5beginEm
                0x00002462        0xa /home/daniele/.cache/arduino/sketches/CDEF04E6A355EC0E37B06F49DE7C264F/core/core.a(zephyrSerial.cpp.o)
                0x00002462                arduino::ZephyrSerial::begin(unsigned long)
 .text._ZN7arduino12ZephyrSerial5writeEh
                0x0000246c       0x18 /home/daniele/.cache/arduino/sketches/CDEF04E6A355EC0E37B06F49DE7C264F/core/core.a(zephyrSerial.cpp.o)
                0x0000246c                arduino::ZephyrSerial::write(unsigned char)
 .text._ZN7arduino12ZephyrSerialcvbEv
                0x00002484        0x4 /home/daniele/.cache/arduino/sketches/CDEF04E6A355EC0E37B06F49DE7C264F/core/core.a(zephyrSerial.cpp.o)
                0x00002484                arduino::ZephyrSerial::operator bool()
 .text.k_sem_give
                0x00002488        0x8 /home/daniele/.cache/arduino/sketches/CDEF04E6A355EC0E37B06F49DE7C264F/core/core.a(zephyrSerial.cpp.o)
 .text.k_sem_take.isra.0
                0x00002490        0x8 /home/daniele/.cache/arduino/sketches/CDEF04E6A355EC0E37B06F49DE7C264F/core/core.a(zephyrSerial.cpp.o)
 .text._ZN7arduino12ZephyrSerial4readEv
                0x00002498       0x48 /home/daniele/.cache/arduino/sketches/CDEF04E6A355EC0E37B06F49DE7C264F/core/core.a(zephyrSerial.cpp.o)
                0x00002498                arduino::ZephyrSerial::read()
 .text._ZN7arduino12ZephyrSerial4peekEv
                0x000024e0       0x48 /home/daniele/.cache/arduino/sketches/CDEF04E6A355EC0E37B06F49DE7C264F/core/core.a(zephyrSerial.cpp.o)
                0x000024e0                arduino::ZephyrSerial::peek()
 .text._ZN7arduino12ZephyrSerial17availableForWriteEv
                0x00002528       0x34 /home/daniele/.cache/arduino/sketches/CDEF04E6A355EC0E37B06F49DE7C264F/core/core.a(zephyrSerial.cpp.o)
                0x00002528                arduino::ZephyrSerial::availableForWrite()
 .text._ZN7arduino12ZephyrSerial9availableEv
                0x0000255c       0x34 /home/daniele/.cache/arduino/sketches/CDEF04E6A355EC0E37B06F49DE7C264F/core/core.a(zephyrSerial.cpp.o)
                0x0000255c                arduino::ZephyrSerial::available()
 .text._ZN7arduino12ZephyrSerial5beginEmt
                0x00002590       0xc8 /home/daniele/.cache/arduino/sketches/CDEF04E6A355EC0E37B06F49DE7C264F/core/core.a(zephyrSerial.cpp.o)
                0x00002590                arduino::ZephyrSerial::begin(unsigned long, unsigned short)
 .text._ZN7arduino12ZephyrSerial5flushEv
                0x00002658       0x2c /home/daniele/.cache/arduino/sketches/CDEF04E6A355EC0E37B06F49DE7C264F/core/core.a(zephyrSerial.cpp.o)
                0x00002658                arduino::ZephyrSerial::flush()
 .text._ZN7arduino12ZephyrSerial5writeEPKhj
                0x00002684       0x70 /home/daniele/.cache/arduino/sketches/CDEF04E6A355EC0E37B06F49DE7C264F/core/core.a(zephyrSerial.cpp.o)
                0x00002684                arduino::ZephyrSerial::write(unsigned char const*, unsigned int)
 .text._ZN7arduino12ZephyrSerial10IrqHandlerEv
                0x000026f4       0xe8 /home/daniele/.cache/arduino/sketches/CDEF04E6A355EC0E37B06F49DE7C264F/core/core.a(zephyrSerial.cpp.o)
                0x000026f4                arduino::ZephyrSerial::IrqHandler()
 .text._ZN7arduino12ZephyrSerial11IrqDispatchEPK6devicePv
                0x000027dc        0xc /home/daniele/.cache/arduino/sketches/CDEF04E6A355EC0E37B06F49DE7C264F/core/core.a(zephyrSerial.cpp.o)
                0x000027dc                arduino::ZephyrSerial::IrqDispatch(device const*, void*)
 .text._ZN7arduino12ZephyrSerialC2EPK6device
                0x000027e8       0x30 /home/daniele/.cache/arduino/sketches/CDEF04E6A355EC0E37B06F49DE7C264F/core/core.a(zephyrSerial.cpp.o)
                0x000027e8                arduino::ZephyrSerial::ZephyrSerial(device const*)
                0x000027e8                arduino::ZephyrSerial::ZephyrSerial(device const*)
 .text._GLOBAL__sub_I__ZN7arduino12ZephyrSerial5beginEmt
                0x00002818       0x50 /home/daniele/.cache/arduino/sketches/CDEF04E6A355EC0E37B06F49DE7C264F/core/core.a(zephyrSerial.cpp.o)
 .text.yield    0x00002868        0x8 /home/daniele/.cache/arduino/sketches/CDEF04E6A355EC0E37B06F49DE7C264F/core/core.a(zephyrCommon.cpp.o)
                0x00002868                yield
 .text._ZNSt8__detail15_List_node_base7_M_hookEPS0_
                0x00002870        0xc /home/daniele/.arduino15/packages/zephyr/tools/arm-zephyr-eabi/1.0.1/bin/../lib/gcc/arm-zephyr-eabi/14.3.0/../../../../arm-zephyr-eabi/lib/thumb/v7e-m+dp/hard/libstdc++.a(list.o)
                0x00002870                std::__detail::_List_node_base::_M_hook(std::__detail::_List_node_base*)
 .text._ZNSt8__detail15_List_node_base9_M_unhookEv
                0x0000287c        0xa /home/daniele/.arduino15/packages/zephyr/tools/arm-zephyr-eabi/1.0.1/bin/../lib/gcc/arm-zephyr-eabi/14.3.0/../../../../arm-zephyr-eabi/lib/thumb/v7e-m+dp/hard/libstdc++.a(list.o)
                0x0000287c                std::__detail::_List_node_base::_M_unhook()
 *fill*         0x00002886        0x2 
 .text.unlikely._ZSt17__throw_bad_allocv
                0x00002888       0x20 /home/daniele/.arduino15/packages/zephyr/tools/arm-zephyr-eabi/1.0.1/bin/../lib/gcc/arm-zephyr-eabi/14.3.0/../../../../arm-zephyr-eabi/lib/thumb/v7e-m+dp/hard/libstdc++.a(functexcept.o)
                0x00002888                std::__throw_bad_alloc()
 .text.unlikely._ZSt19__throw_logic_errorPKc
                0x000028a8       0x30 /home/daniele/.arduino15/packages/zephyr/tools/arm-zephyr-eabi/1.0.1/bin/../lib/gcc/arm-zephyr-eabi/14.3.0/../../../../arm-zephyr-eabi/lib/thumb/v7e-m+dp/hard/libstdc++.a(functexcept.o)
                0x000028a8                std::__throw_logic_error(char const*)
 .text.unlikely._ZSt20__throw_length_errorPKc
                0x000028d8       0x30 /home/daniele/.arduino15/packages/zephyr/tools/arm-zephyr-eabi/1.0.1/bin/../lib/gcc/arm-zephyr-eabi/14.3.0/../../../../arm-zephyr-eabi/lib/thumb/v7e-m+dp/hard/libstdc++.a(functexcept.o)
                0x000028d8                std::__throw_length_error(char const*)
 .text._ZNSt19_Sp_make_shared_tag5_S_eqERKSt9type_info
                0x00002908        0xc /home/daniele/.arduino15/packages/zephyr/tools/arm-zephyr-eabi/1.0.1/bin/../lib/gcc/arm-zephyr-eabi/14.3.0/../../../../arm-zephyr-eabi/lib/thumb/v7e-m+dp/hard/libstdc++.a(shared_ptr.o)
                0x00002908                std::_Sp_make_shared_tag::_S_eq(std::type_info const&)
 .text._ZNKSt9bad_alloc4whatEv
                0x00002914        0x8 /home/daniele/.arduino15/packages/zephyr/tools/arm-zephyr-eabi/1.0.1/bin/../lib/gcc/arm-zephyr-eabi/14.3.0/../../../../arm-zephyr-eabi/lib/thumb/v7e-m+dp/hard/libstdc++.a(bad_alloc.o)
                0x00002914                std::bad_alloc::what() const
 .text._ZNSt9bad_allocD2Ev
                0x0000291c       0x14 /home/daniele/.arduino15/packages/zephyr/tools/arm-zephyr-eabi/1.0.1/bin/../lib/gcc/arm-zephyr-eabi/14.3.0/../../../../arm-zephyr-eabi/lib/thumb/v7e-m+dp/hard/libstdc++.a(bad_alloc.o)
                0x0000291c                std::bad_alloc::~bad_alloc()
                0x0000291c                std::bad_alloc::~bad_alloc()
 .text._ZNSt9bad_allocD0Ev
                0x00002930       0x14 /home/daniele/.arduino15/packages/zephyr/tools/arm-zephyr-eabi/1.0.1/bin/../lib/gcc/arm-zephyr-eabi/14.3.0/../../../../arm-zephyr-eabi/lib/thumb/v7e-m+dp/hard/libstdc++.a(bad_alloc.o)
                0x00002930                std::bad_alloc::~bad_alloc()
 .text._ZNK10__cxxabiv117__class_type_info11__do_upcastEPKS0_PPv
                0x00002944       0x32 /home/daniele/.arduino15/packages/zephyr/tools/arm-zephyr-eabi/1.0.1/bin/../lib/gcc/arm-zephyr-eabi/14.3.0/../../../../arm-zephyr-eabi/lib/thumb/v7e-m+dp/hard/libstdc++.a(class_type_info.o)
                0x00002944                __cxxabiv1::__class_type_info::__do_upcast(__cxxabiv1::__class_type_info const*, void**) const
 .text._ZNK10__cxxabiv117__class_type_info20__do_find_public_srcEiPKvPKS0_S2_
                0x00002976        0xc /home/daniele/.arduino15/packages/zephyr/tools/arm-zephyr-eabi/1.0.1/bin/../lib/gcc/arm-zephyr-eabi/14.3.0/../../../../arm-zephyr-eabi/lib/thumb/v7e-m+dp/hard/libstdc++.a(class_type_info.o)
                0x00002976                __cxxabiv1::__class_type_info::__do_find_public_src(int, void const*, __cxxabiv1::__class_type_info const*, void const*) const
 *fill*         0x00002982        0x2 
 .text._ZN10__cxxabiv117__class_type_infoD2Ev
                0x00002984       0x14 /home/daniele/.arduino15/packages/zephyr/tools/arm-zephyr-eabi/1.0.1/bin/../lib/gcc/arm-zephyr-eabi/14.3.0/../../../../arm-zephyr-eabi/lib/thumb/v7e-m+dp/hard/libstdc++.a(class_type_info.o)
                0x00002984                __cxxabiv1::__class_type_info::~__class_type_info()
                0x00002984                __cxxabiv1::__class_type_info::~__class_type_info()
 .text._ZN10__cxxabiv117__class_type_infoD0Ev
                0x00002998       0x14 /home/daniele/.arduino15/packages/zephyr/tools/arm-zephyr-eabi/1.0.1/bin/../lib/gcc/arm-zephyr-eabi/14.3.0/../../../../arm-zephyr-eabi/lib/thumb/v7e-m+dp/hard/libstdc++.a(class_type_info.o)
                0x00002998                __cxxabiv1::__class_type_info::~__class_type_info()
 .text._ZNK10__cxxabiv117__class_type_info12__do_dyncastEiNS0_10__sub_kindEPKS0_PKvS3_S5_RNS0_16__dyncast_resultE
                0x000029ac       0x3e /home/daniele/.arduino15/packages/zephyr/tools/arm-zephyr-eabi/1.0.1/bin/../lib/gcc/arm-zephyr-eabi/14.3.0/../../../../arm-zephyr-eabi/lib/thumb/v7e-m+dp/hard/libstdc++.a(class_type_info.o)
                0x000029ac                __cxxabiv1::__class_type_info::__do_dyncast(int, __cxxabiv1::__class_type_info::__sub_kind, __cxxabiv1::__class_type_info const*, void const*, __cxxabiv1::__class_type_info const*, void const*, __cxxabiv1::__class_type_info::__dyncast_result&) const
 .text._ZNK10__cxxabiv117__class_type_info11__do_upcastEPKS0_PKvRNS0_15__upcast_resultE
                0x000029ea       0x18 /home/daniele/.arduino15/packages/zephyr/tools/arm-zephyr-eabi/1.0.1/bin/../lib/gcc/arm-zephyr-eabi/14.3.0/../../../../arm-zephyr-eabi/lib/thumb/v7e-m+dp/hard/libstdc++.a(class_type_info.o)
                0x000029ea                __cxxabiv1::__class_type_info::__do_upcast(__cxxabiv1::__class_type_info const*, void const*, __cxxabiv1::__class_type_info::__upcast_result&) const
 .text._ZNK10__cxxabiv117__class_type_info10__do_catchEPKSt9type_infoPPvj
                0x00002a02       0x2a /home/daniele/.arduino15/packages/zephyr/tools/arm-zephyr-eabi/1.0.1/bin/../lib/gcc/arm-zephyr-eabi/14.3.0/../../../../arm-zephyr-eabi/lib/thumb/v7e-m+dp/hard/libstdc++.a(class_type_info.o)
                0x00002a02                __cxxabiv1::__class_type_info::__do_catch(std::type_info const*, void**, unsigned int) const
 .text._ZNSt9exceptionD2Ev
                0x00002a2c        0x2 /home/daniele/.arduino15/packages/zephyr/tools/arm-zephyr-eabi/1.0.1/bin/../lib/gcc/arm-zephyr-eabi/14.3.0/../../../../arm-zephyr-eabi/lib/thumb/v7e-m+dp/hard/libstdc++.a(eh_exception.o)
                0x00002a2c                std::exception::~exception()
                0x00002a2c                std::exception::~exception()
 *fill*         0x00002a2e        0x2 
 .text._ZN10__cxxabiv120__si_class_type_infoD2Ev
                0x00002a30       0x14 /home/daniele/.arduino15/packages/zephyr/tools/arm-zephyr-eabi/1.0.1/bin/../lib/gcc/arm-zephyr-eabi/14.3.0/../../../../arm-zephyr-eabi/lib/thumb/v7e-m+dp/hard/libstdc++.a(si_class_type_info.o)
                0x00002a30                __cxxabiv1::__si_class_type_info::~__si_class_type_info()
                0x00002a30                __cxxabiv1::__si_class_type_info::~__si_class_type_info()
 .text._ZN10__cxxabiv120__si_class_type_infoD0Ev
                0x00002a44       0x14 /home/daniele/.arduino15/packages/zephyr/tools/arm-zephyr-eabi/1.0.1/bin/../lib/gcc/arm-zephyr-eabi/14.3.0/../../../../arm-zephyr-eabi/lib/thumb/v7e-m+dp/hard/libstdc++.a(si_class_type_info.o)
                0x00002a44                __cxxabiv1::__si_class_type_info::~__si_class_type_info()
 .text._ZNK10__cxxabiv120__si_class_type_info20__do_find_public_srcEiPKvPKNS_17__class_type_infoES2_
                0x00002a58       0x3c /home/daniele/.arduino15/packages/zephyr/tools/arm-zephyr-eabi/1.0.1/bin/../lib/gcc/arm-zephyr-eabi/14.3.0/../../../../arm-zephyr-eabi/lib/thumb/v7e-m+dp/hard/libstdc++.a(si_class_type_info.o)
                0x00002a58                __cxxabiv1::__si_class_type_info::__do_find_public_src(int, void const*, __cxxabiv1::__class_type_info const*, void const*) const
 .text._ZNK10__cxxabiv120__si_class_type_info12__do_dyncastEiNS_17__class_type_info10__sub_kindEPKS1_PKvS4_S6_RNS1_16__dyncast_resultE
                0x00002a94       0x74 /home/daniele/.arduino15/packages/zephyr/tools/arm-zephyr-eabi/1.0.1/bin/../lib/gcc/arm-zephyr-eabi/14.3.0/../../../../arm-zephyr-eabi/lib/thumb/v7e-m+dp/hard/libstdc++.a(si_class_type_info.o)
                0x00002a94                __cxxabiv1::__si_class_type_info::__do_dyncast(int, __cxxabiv1::__class_type_info::__sub_kind, __cxxabiv1::__class_type_info const*, void const*, __cxxabiv1::__class_type_info const*, void const*, __cxxabiv1::__class_type_info::__dyncast_result&) const
 .text._ZNK10__cxxabiv120__si_class_type_info11__do_upcastEPKNS_17__class_type_infoEPKvRNS1_15__upcast_resultE
                0x00002b08       0x2a /home/daniele/.arduino15/packages/zephyr/tools/arm-zephyr-eabi/1.0.1/bin/../lib/gcc/arm-zephyr-eabi/14.3.0/../../../../arm-zephyr-eabi/lib/thumb/v7e-m+dp/hard/libstdc++.a(si_class_type_info.o)
                0x00002b08                __cxxabiv1::__si_class_type_info::__do_upcast(__cxxabiv1::__class_type_info const*, void const*, __cxxabiv1::__class_type_info::__upcast_result&) const
 .text._ZNSt9type_infoD2Ev
                0x00002b32        0x2 /home/daniele/.arduino15/packages/zephyr/tools/arm-zephyr-eabi/1.0.1/bin/../lib/gcc/arm-zephyr-eabi/14.3.0/../../../../arm-zephyr-eabi/lib/thumb/v7e-m+dp/hard/libstdc++.a(tinfo.o)
                0x00002b32                std::type_info::~type_info()
                0x00002b32                std::type_info::~type_info()
 .text._ZNKSt9type_info14__is_pointer_pEv
                0x00002b34        0x4 /home/daniele/.arduino15/packages/zephyr/tools/arm-zephyr-eabi/1.0.1/bin/../lib/gcc/arm-zephyr-eabi/14.3.0/../../../../arm-zephyr-eabi/lib/thumb/v7e-m+dp/hard/libstdc++.a(tinfo.o)
                0x00002b34                std::type_info::__is_function_p() const
                0x00002b34                std::type_info::__is_pointer_p() const
 .text._ZNKSt9type_infoeqERKS_
                0x00002b38       0x2c /home/daniele/.arduino15/packages/zephyr/tools/arm-zephyr-eabi/1.0.1/bin/../lib/gcc/arm-zephyr-eabi/14.3.0/../../../../arm-zephyr-eabi/lib/thumb/v7e-m+dp/hard/libstdc++.a(tinfo.o)
                0x00002b38                std::type_info::__equal(std::type_info const&) const
                0x00002b38                std::type_info::operator==(std::type_info const&) const
 .text._ZNKSt11logic_error4whatEv
                0x00002b64        0x4 /home/daniele/.arduino15/packages/zephyr/tools/arm-zephyr-eabi/1.0.1/bin/../lib/gcc/arm-zephyr-eabi/14.3.0/../../../../arm-zephyr-eabi/lib/thumb/v7e-m+dp/hard/libstdc++.a(stdexcept.o)
                0x00002b64                std::runtime_error::what() const
                0x00002b64                std::logic_error::what() const
 .text._ZNSt11logic_errorD2Ev
                0x00002b68       0x24 /home/daniele/.arduino15/packages/zephyr/tools/arm-zephyr-eabi/1.0.1/bin/../lib/gcc/arm-zephyr-eabi/14.3.0/../../../../arm-zephyr-eabi/lib/thumb/v7e-m+dp/hard/libstdc++.a(stdexcept.o)
                0x00002b68                std::logic_error::~logic_error()
                0x00002b68                std::logic_error::~logic_error()
 .text._ZNSt11logic_errorD0Ev
                0x00002b8c       0x12 /home/daniele/.arduino15/packages/zephyr/tools/arm-zephyr-eabi/1.0.1/bin/../lib/gcc/arm-zephyr-eabi/14.3.0/../../../../arm-zephyr-eabi/lib/thumb/v7e-m+dp/hard/libstdc++.a(stdexcept.o)
                0x00002b8c                std::logic_error::~logic_error()
 *fill*         0x00002b9e        0x2 
 .text._ZNSt12length_errorD2Ev
                0x00002ba0       0x14 /home/daniele/.arduino15/packages/zephyr/tools/arm-zephyr-eabi/1.0.1/bin/../lib/gcc/arm-zephyr-eabi/14.3.0/../../../../arm-zephyr-eabi/lib/thumb/v7e-m+dp/hard/libstdc++.a(stdexcept.o)
                0x00002ba0                std::length_error::~length_error()
                0x00002ba0                std::length_error::~length_error()
 .text._ZNSt12length_errorD0Ev
                0x00002bb4       0x12 /home/daniele/.arduino15/packages/zephyr/tools/arm-zephyr-eabi/1.0.1/bin/../lib/gcc/arm-zephyr-eabi/14.3.0/../../../../arm-zephyr-eabi/lib/thumb/v7e-m+dp/hard/libstdc++.a(stdexcept.o)
                0x00002bb4                std::length_error::~length_error()
 *fill*         0x00002bc6        0x2 
 .text._ZNSs12_S_constructIPKcEEPcT_S3_RKSaIcESt20forward_iterator_tag.isra.0
                0x00002bc8       0x4c /home/daniele/.arduino15/packages/zephyr/tools/arm-zephyr-eabi/1.0.1/bin/../lib/gcc/arm-zephyr-eabi/14.3.0/../../../../arm-zephyr-eabi/lib/thumb/v7e-m+dp/hard/libstdc++.a(cow-stdexcept.o)
 .text._ZNSsC2EPKcRKSaIcE.isra.0
                0x00002c14       0x24 /home/daniele/.arduino15/packages/zephyr/tools/arm-zephyr-eabi/1.0.1/bin/../lib/gcc/arm-zephyr-eabi/14.3.0/../../../../arm-zephyr-eabi/lib/thumb/v7e-m+dp/hard/libstdc++.a(cow-stdexcept.o)
 .text._ZNSt11logic_errorC2EPKc
                0x00002c38       0x28 /home/daniele/.arduino15/packages/zephyr/tools/arm-zephyr-eabi/1.0.1/bin/../lib/gcc/arm-zephyr-eabi/14.3.0/../../../../arm-zephyr-eabi/lib/thumb/v7e-m+dp/hard/libstdc++.a(cow-stdexcept.o)
                0x00002c38                std::logic_error::logic_error(char const*)
                0x00002c38                std::logic_error::logic_error(char const*)
 .text._ZNSt12length_errorC2EPKc
                0x00002c60       0x14 /home/daniele/.arduino15/packages/zephyr/tools/arm-zephyr-eabi/1.0.1/bin/../lib/gcc/arm-zephyr-eabi/14.3.0/../../../../arm-zephyr-eabi/lib/thumb/v7e-m+dp/hard/libstdc++.a(cow-stdexcept.o)
                0x00002c60                std::length_error::length_error(char const*)
                0x00002c60                std::length_error::length_error(char const*)
 .text._ZNSt12__cow_stringC2EPKcj
                0x00002c74       0x18 /home/daniele/.arduino15/packages/zephyr/tools/arm-zephyr-eabi/1.0.1/bin/../lib/gcc/arm-zephyr-eabi/14.3.0/../../../../arm-zephyr-eabi/lib/thumb/v7e-m+dp/hard/libstdc++.a(cow-stdexcept.o)
                0x00002c74                std::__cow_string::__cow_string(char const*, unsigned int)
                0x00002c74                std::__cow_string::__cow_string(char const*, unsigned int)
 .text._ZNSs7_M_copyEPcPKcj
                0x00002c8c       0x18 /home/daniele/.arduino15/packages/zephyr/tools/arm-zephyr-eabi/1.0.1/bin/../lib/gcc/arm-zephyr-eabi/14.3.0/../../../../arm-zephyr-eabi/lib/thumb/v7e-m+dp/hard/libstdc++.a(cow-string-inst.o)
                0x00002c8c                std::string::_M_copy(char*, char const*, unsigned int)
 .text._ZNSs13_S_copy_charsEPcPKcS1_
                0x00002ca4        0xa /home/daniele/.arduino15/packages/zephyr/tools/arm-zephyr-eabi/1.0.1/bin/../lib/gcc/arm-zephyr-eabi/14.3.0/../../../../arm-zephyr-eabi/lib/thumb/v7e-m+dp/hard/libstdc++.a(cow-string-inst.o)
                0x00002ca4                std::string::_S_copy_chars(char*, char const*, char const*)
 *fill*         0x00002cae        0x2 
 .text._ZNSs4_Rep26_M_set_length_and_sharableEj
                0x00002cb0       0x18 /home/daniele/.arduino15/packages/zephyr/tools/arm-zephyr-eabi/1.0.1/bin/../lib/gcc/arm-zephyr-eabi/14.3.0/../../../../arm-zephyr-eabi/lib/thumb/v7e-m+dp/hard/libstdc++.a(cow-string-inst.o)
                0x00002cb0                std::string::_Rep::_M_set_length_and_sharable(unsigned int)
 .text._ZNSs4_Rep9_S_createEjjRKSaIcE
                0x00002cc8       0x60 /home/daniele/.arduino15/packages/zephyr/tools/arm-zephyr-eabi/1.0.1/bin/../lib/gcc/arm-zephyr-eabi/14.3.0/../../../../arm-zephyr-eabi/lib/thumb/v7e-m+dp/hard/libstdc++.a(cow-string-inst.o)
                0x00002cc8                std::string::_Rep::_S_create(unsigned int, unsigned int, std::allocator<char> const&)
 .text._ZNSs4_Rep10_M_destroyERKSaIcE
                0x00002d28        0x4 /home/daniele/.arduino15/packages/zephyr/tools/arm-zephyr-eabi/1.0.1/bin/../lib/gcc/arm-zephyr-eabi/14.3.0/../../../../arm-zephyr-eabi/lib/thumb/v7e-m+dp/hard/libstdc++.a(cow-string-inst.o)
                0x00002d28                std::string::_Rep::_M_destroy(std::allocator<char> const&)
 .text._ZNSs4_Rep10_M_disposeERKSaIcE
                0x00002d2c       0x1c /home/daniele/.arduino15/packages/zephyr/tools/arm-zephyr-eabi/1.0.1/bin/../lib/gcc/arm-zephyr-eabi/14.3.0/../../../../arm-zephyr-eabi/lib/thumb/v7e-m+dp/hard/libstdc++.a(cow-string-inst.o)
                0x00002d2c                std::string::_Rep::_M_dispose(std::allocator<char> const&)
 .text._ZNSt11char_traitsIcE4copyEPcPKcj.isra.0
                0x00002d48        0x8 /home/daniele/.arduino15/packages/zephyr/tools/arm-zephyr-eabi/1.0.1/bin/../lib/gcc/arm-zephyr-eabi/14.3.0/../../../../arm-zephyr-eabi/lib/thumb/v7e-m+dp/hard/libstdc++.a(string-inst.o)
 .text._ZNSt7__cxx1112basic_stringIcSt11char_traitsIcESaIcEE11_S_allocateERS3_j
                0x00002d50       0x12 /home/daniele/.arduino15/packages/zephyr/tools/arm-zephyr-eabi/1.0.1/bin/../lib/gcc/arm-zephyr-eabi/14.3.0/../../../../arm-zephyr-eabi/lib/thumb/v7e-m+dp/hard/libstdc++.a(string-inst.o)
                0x00002d50                std::__cxx11::basic_string<char, std::char_traits<char>, std::allocator<char> >::_S_allocate(std::allocator<char>&, unsigned int)
 .text._ZNKSt7__cxx1112basic_stringIcSt11char_traitsIcESaIcEE11_M_is_localEv
                0x00002d62        0xc /home/daniele/.arduino15/packages/zephyr/tools/arm-zephyr-eabi/1.0.1/bin/../lib/gcc/arm-zephyr-eabi/14.3.0/../../../../arm-zephyr-eabi/lib/thumb/v7e-m+dp/hard/libstdc++.a(string-inst.o)
                0x00002d62                std::__cxx11::basic_string<char, std::char_traits<char>, std::allocator<char> >::_M_is_local() const
 *fill*         0x00002d6e        0x2 
 .text._ZNSt7__cxx1112basic_stringIcSt11char_traitsIcESaIcEE9_M_createERjj
                0x00002d70       0x3c /home/daniele/.arduino15/packages/zephyr/tools/arm-zephyr-eabi/1.0.1/bin/../lib/gcc/arm-zephyr-eabi/14.3.0/../../../../arm-zephyr-eabi/lib/thumb/v7e-m+dp/hard/libstdc++.a(string-inst.o)
                0x00002d70                std::__cxx11::basic_string<char, std::char_traits<char>, std::allocator<char> >::_M_create(unsigned int&, unsigned int)
 .text._ZNSt7__cxx1112basic_stringIcSt11char_traitsIcESaIcEE10_M_disposeEv
                0x00002dac       0x16 /home/daniele/.arduino15/packages/zephyr/tools/arm-zephyr-eabi/1.0.1/bin/../lib/gcc/arm-zephyr-eabi/14.3.0/../../../../arm-zephyr-eabi/lib/thumb/v7e-m+dp/hard/libstdc++.a(string-inst.o)
                0x00002dac                std::__cxx11::basic_string<char, std::char_traits<char>, std::allocator<char> >::_M_dispose()
 .text._ZNSt7__cxx1112basic_stringIcSt11char_traitsIcESaIcEE7_S_copyEPcPKcj
                0x00002dc2       0x18 /home/daniele/.arduino15/packages/zephyr/tools/arm-zephyr-eabi/1.0.1/bin/../lib/gcc/arm-zephyr-eabi/14.3.0/../../../../arm-zephyr-eabi/lib/thumb/v7e-m+dp/hard/libstdc++.a(string-inst.o)
                0x00002dc2                std::__cxx11::basic_string<char, std::char_traits<char>, std::allocator<char> >::_S_copy(char*, char const*, unsigned int)
 .text._ZNKSt7__cxx1112basic_stringIcSt11char_traitsIcESaIcEE8capacityEv
                0x00002dda       0x12 /home/daniele/.arduino15/packages/zephyr/tools/arm-zephyr-eabi/1.0.1/bin/../lib/gcc/arm-zephyr-eabi/14.3.0/../../../../arm-zephyr-eabi/lib/thumb/v7e-m+dp/hard/libstdc++.a(string-inst.o)
                0x00002dda                std::__cxx11::basic_string<char, std::char_traits<char>, std::allocator<char> >::capacity() const
 .text._ZNSt7__cxx1112basic_stringIcSt11char_traitsIcESaIcEE7reserveEj
                0x00002dec       0x36 /home/daniele/.arduino15/packages/zephyr/tools/arm-zephyr-eabi/1.0.1/bin/../lib/gcc/arm-zephyr-eabi/14.3.0/../../../../arm-zephyr-eabi/lib/thumb/v7e-m+dp/hard/libstdc++.a(string-inst.o)
                0x00002dec                std::__cxx11::basic_string<char, std::char_traits<char>, std::allocator<char> >::reserve(unsigned int)
 *fill*         0x00002e22        0x2 
 .text._ZNK12_GLOBAL__N_122generic_error_category4nameEv
                0x00002e24        0x8 /home/daniele/.arduino15/packages/zephyr/tools/arm-zephyr-eabi/1.0.1/bin/../lib/gcc/arm-zephyr-eabi/14.3.0/../../../../arm-zephyr-eabi/lib/thumb/v7e-m+dp/hard/libstdc++.a(system_error.o)
 .text._ZNK12_GLOBAL__N_122generic_error_category10equivalentEiRKSt15error_condition
                0x00002e2c       0x14 /home/daniele/.arduino15/packages/zephyr/tools/arm-zephyr-eabi/1.0.1/bin/../lib/gcc/arm-zephyr-eabi/14.3.0/../../../../arm-zephyr-eabi/lib/thumb/v7e-m+dp/hard/libstdc++.a(system_error.o)
 .text._ZN12_GLOBAL__N_122generic_error_categoryD2Ev
                0x00002e40        0x2 /home/daniele/.arduino15/packages/zephyr/tools/arm-zephyr-eabi/1.0.1/bin/../lib/gcc/arm-zephyr-eabi/14.3.0/../../../../arm-zephyr-eabi/lib/thumb/v7e-m+dp/hard/libstdc++.a(system_error.o)
 *fill*         0x00002e42        0x2 
 .text._ZNK12_GLOBAL__N_121system_error_category4nameEv
                0x00002e44        0x8 /home/daniele/.arduino15/packages/zephyr/tools/arm-zephyr-eabi/1.0.1/bin/../lib/gcc/arm-zephyr-eabi/14.3.0/../../../../arm-zephyr-eabi/lib/thumb/v7e-m+dp/hard/libstdc++.a(system_error.o)
 .text._ZNK12_GLOBAL__N_121system_error_category23default_error_conditionEi
                0x00002e4c       0x64 /home/daniele/.arduino15/packages/zephyr/tools/arm-zephyr-eabi/1.0.1/bin/../lib/gcc/arm-zephyr-eabi/14.3.0/../../../../arm-zephyr-eabi/lib/thumb/v7e-m+dp/hard/libstdc++.a(system_error.o)
 .text._ZN12_GLOBAL__N_121system_error_categoryD2Ev
                0x00002eb0        0x2 /home/daniele/.arduino15/packages/zephyr/tools/arm-zephyr-eabi/1.0.1/bin/../lib/gcc/arm-zephyr-eabi/14.3.0/../../../../arm-zephyr-eabi/lib/thumb/v7e-m+dp/hard/libstdc++.a(system_error.o)
 .text._ZNKSt3_V214error_category23default_error_conditionEi
                0x00002eb2        0x6 /home/daniele/.arduino15/packages/zephyr/tools/arm-zephyr-eabi/1.0.1/bin/../lib/gcc/arm-zephyr-eabi/14.3.0/../../../../arm-zephyr-eabi/lib/thumb/v7e-m+dp/hard/libstdc++.a(system_error.o)
                0x00002eb2                std::_V2::error_category::default_error_condition(int) const
 .text._ZNKSt3_V214error_category10equivalentERKSt10error_codei
                0x00002eb8       0x14 /home/daniele/.arduino15/packages/zephyr/tools/arm-zephyr-eabi/1.0.1/bin/../lib/gcc/arm-zephyr-eabi/14.3.0/../../../../arm-zephyr-eabi/lib/thumb/v7e-m+dp/hard/libstdc++.a(system_error.o)
                0x00002eb8                std::_V2::error_category::equivalent(std::error_code const&, int) const
 .text._ZN12_GLOBAL__N_113constant_initINS_22generic_error_categoryEED2Ev
                0x00002ecc        0x2 /home/daniele/.arduino15/packages/zephyr/tools/arm-zephyr-eabi/1.0.1/bin/../lib/gcc/arm-zephyr-eabi/14.3.0/../../../../arm-zephyr-eabi/lib/thumb/v7e-m+dp/hard/libstdc++.a(system_error.o)
 .text._ZN12_GLOBAL__N_113constant_initINS_21system_error_categoryEED2Ev
                0x00002ece        0x2 /home/daniele/.arduino15/packages/zephyr/tools/arm-zephyr-eabi/1.0.1/bin/../lib/gcc/arm-zephyr-eabi/14.3.0/../../../../arm-zephyr-eabi/lib/thumb/v7e-m+dp/hard/libstdc++.a(system_error.o)
 .text._ZN12_GLOBAL__N_122generic_error_categoryD0Ev
                0x00002ed0        0xc /home/daniele/.arduino15/packages/zephyr/tools/arm-zephyr-eabi/1.0.1/bin/../lib/gcc/arm-zephyr-eabi/14.3.0/../../../../arm-zephyr-eabi/lib/thumb/v7e-m+dp/hard/libstdc++.a(system_error.o)
 .text._ZN12_GLOBAL__N_121system_error_categoryD0Ev
                0x00002edc        0xc /home/daniele/.arduino15/packages/zephyr/tools/arm-zephyr-eabi/1.0.1/bin/../lib/gcc/arm-zephyr-eabi/14.3.0/../../../../arm-zephyr-eabi/lib/thumb/v7e-m+dp/hard/libstdc++.a(system_error.o)
 .text._ZNKSt3_V214error_category10_M_messageB5cxx11Ei
                0x00002ee8       0x30 /home/daniele/.arduino15/packages/zephyr/tools/arm-zephyr-eabi/1.0.1/bin/../lib/gcc/arm-zephyr-eabi/14.3.0/../../../../arm-zephyr-eabi/lib/thumb/v7e-m+dp/hard/libstdc++.a(system_error.o)
                0x00002ee8                std::_V2::error_category::_M_message[abi:cxx11](int) const
 .text._ZNK12_GLOBAL__N_121system_error_category10equivalentEiRKSt15error_condition
                0x00002f18       0x28 /home/daniele/.arduino15/packages/zephyr/tools/arm-zephyr-eabi/1.0.1/bin/../lib/gcc/arm-zephyr-eabi/14.3.0/../../../../arm-zephyr-eabi/lib/thumb/v7e-m+dp/hard/libstdc++.a(system_error.o)
 .text._ZNK12_GLOBAL__N_122generic_error_category7messageB5cxx11Ei
                0x00002f40       0xbc /home/daniele/.arduino15/packages/zephyr/tools/arm-zephyr-eabi/1.0.1/bin/../lib/gcc/arm-zephyr-eabi/14.3.0/../../../../arm-zephyr-eabi/lib/thumb/v7e-m+dp/hard/libstdc++.a(system_error.o)
 .text.startup._GLOBAL__sub_I__ZSt20__throw_system_errori
                0x00002ffc       0x30 /home/daniele/.arduino15/packages/zephyr/tools/arm-zephyr-eabi/1.0.1/bin/../lib/gcc/arm-zephyr-eabi/14.3.0/../../../../arm-zephyr-eabi/lib/thumb/v7e-m+dp/hard/libstdc++.a(system_error.o)
 .text.__aeabi_atexit
                0x0000302c        0xa /home/daniele/.arduino15/packages/zephyr/tools/arm-zephyr-eabi/1.0.1/bin/../lib/gcc/arm-zephyr-eabi/14.3.0/../../../../arm-zephyr-eabi/lib/thumb/v7e-m+dp/hard/libstdc++.a(atexit_arm.o)
                0x0000302c                __aeabi_atexit
 *(.text.*)
 *(.text._*)
 *(.init)
 *(.ctors)
 *(.dtors)
 *(.fini)

.static_thread_data_area
                0x00003036        0x0
                0x00003036                        __static_thread_data_list_start = .
 *(.static_thread_data_area SORT_BY_NAME(.__static_thread_data.*))
                0x00003036                        __static_thread_data_list_end = .

.data           0x00003038      0x120
 *(.data .data.*)
 .data.WIFI_PASSWORD
                0x00003038        0x4 /home/daniele/.cache/arduino/sketches/CDEF04E6A355EC0E37B06F49DE7C264F/sketch/CameraCaptureUdpStream.ino.cpp.o
                0x00003038                WIFI_PASSWORD
 .data.WIFI_SSID
                0x0000303c        0x4 /home/daniele/.cache/arduino/sketches/CDEF04E6A355EC0E37B06F49DE7C264F/sketch/CameraCaptureUdpStream.ino.cpp.o
                0x0000303c                WIFI_SSID
 .data._ZZN6Camera5beginEjjjbE3fmt
                0x00003040       0x18 /home/daniele/.cache/arduino/sketches/CDEF04E6A355EC0E37B06F49DE7C264F/libraries/Camera/camera.cpp.o
 .data.__dso_handle
                0x00003058        0x4 /home/daniele/.cache/arduino/sketches/CDEF04E6A355EC0E37B06F49DE7C264F/core/core.a(abi.cpp.o)
                0x00003058                __dso_handle
 .data.sample_hs_config
                0x0000305c       0x14 /home/daniele/.cache/arduino/sketches/CDEF04E6A355EC0E37B06F49DE7C264F/core/core.a(usb_device_descriptor.c.o)
 .data.cfg_desc_sample_hs_config
                0x00003070        0x9 /home/daniele/.cache/arduino/sketches/CDEF04E6A355EC0E37B06F49DE7C264F/core/core.a(usb_device_descriptor.c.o)
 *fill*         0x00003079        0x3 
 .data.sample_fs_config
                0x0000307c       0x14 /home/daniele/.cache/arduino/sketches/CDEF04E6A355EC0E37B06F49DE7C264F/core/core.a(usb_device_descriptor.c.o)
 .data.cfg_desc_sample_fs_config
                0x00003090        0x9 /home/daniele/.cache/arduino/sketches/CDEF04E6A355EC0E37B06F49DE7C264F/core/core.a(usb_device_descriptor.c.o)
 *fill*         0x00003099        0x3 
 .data.hs_cfg_desc
                0x0000309c       0x18 /home/daniele/.cache/arduino/sketches/CDEF04E6A355EC0E37B06F49DE7C264F/core/core.a(usb_device_descriptor.c.o)
 .data.fs_cfg_desc
                0x000030b4       0x18 /home/daniele/.cache/arduino/sketches/CDEF04E6A355EC0E37B06F49DE7C264F/core/core.a(usb_device_descriptor.c.o)
 .data.sample_sn
                0x000030cc       0x18 /home/daniele/.cache/arduino/sketches/CDEF04E6A355EC0E37B06F49DE7C264F/core/core.a(usb_device_descriptor.c.o)
 .data.sample_product
                0x000030e4       0x18 /home/daniele/.cache/arduino/sketches/CDEF04E6A355EC0E37B06F49DE7C264F/core/core.a(usb_device_descriptor.c.o)
 .data.sample_mfr
                0x000030fc       0x18 /home/daniele/.cache/arduino/sketches/CDEF04E6A355EC0E37B06F49DE7C264F/core/core.a(usb_device_descriptor.c.o)
 .data.sample_lang
                0x00003114       0x18 /home/daniele/.cache/arduino/sketches/CDEF04E6A355EC0E37B06F49DE7C264F/core/core.a(usb_device_descriptor.c.o)
 .data.hs_desc_usbd
                0x0000312c       0x12 /home/daniele/.cache/arduino/sketches/CDEF04E6A355EC0E37B06F49DE7C264F/core/core.a(usb_device_descriptor.c.o)
 .data.fs_desc_usbd
                0x0000313e       0x12 /home/daniele/.cache/arduino/sketches/CDEF04E6A355EC0E37B06F49DE7C264F/core/core.a(usb_device_descriptor.c.o)
 .data._ZN12_GLOBAL__N_124system_category_instanceE
                0x00003150        0x4 /home/daniele/.arduino15/packages/zephyr/tools/arm-zephyr-eabi/1.0.1/bin/../lib/gcc/arm-zephyr-eabi/14.3.0/../../../../arm-zephyr-eabi/lib/thumb/v7e-m+dp/hard/libstdc++.a(system_error.o)
 .data._ZN12_GLOBAL__N_125generic_category_instanceE
                0x00003154        0x4 /home/daniele/.arduino15/packages/zephyr/tools/arm-zephyr-eabi/1.0.1/bin/../lib/gcc/arm-zephyr-eabi/14.3.0/../../../../arm-zephyr-eabi/lib/thumb/v7e-m+dp/hard/libstdc++.a(system_error.o)

._usbd_context.static.usbd_
                0x00000000       0x80
 ._usbd_context.static.usbd_
                0x00000000       0x80 /home/daniele/.cache/arduino/sketches/CDEF04E6A355EC0E37B06F49DE7C264F/core/core.a(usb_device_descriptor.c.o)

.bss            0x00000080     0x359c
 *(.bss .bss.* COMMON)
 .bss._ZZ4loopE8frame_id
                0x00000080        0x4 /home/daniele/.cache/arduino/sketches/CDEF04E6A355EC0E37B06F49DE7C264F/sketch/CameraCaptureUdpStream.ino.cpp.o
 .bss.udp       0x00000084       0x54 /home/daniele/.cache/arduino/sketches/CDEF04E6A355EC0E37B06F49DE7C264F/sketch/CameraCaptureUdpStream.ino.cpp.o
                0x00000084                udp
 .bss.cam       0x000000d8       0x10 /home/daniele/.cache/arduino/sketches/CDEF04E6A355EC0E37B06F49DE7C264F/sketch/CameraCaptureUdpStream.ino.cpp.o
                0x000000d8                cam
 .bss._ZL9REMOTE_IP
                0x000000e8       0x18 /home/daniele/.cache/arduino/sketches/CDEF04E6A355EC0E37B06F49DE7C264F/sketch/CameraCaptureUdpStream.ino.cpp.o
 .bss.WiFi      0x00000100      0x1e8 /home/daniele/.cache/arduino/sketches/CDEF04E6A355EC0E37B06F49DE7C264F/libraries/WiFi/WiFi.cpp.o
                0x00000100                WiFi
 .bss._ZGVZN6Camera5beginEjjjbE3fmt
                0x000002e8        0x4 /home/daniele/.cache/arduino/sketches/CDEF04E6A355EC0E37B06F49DE7C264F/libraries/Camera/camera.cpp.o
 .bss._ZL16user_video_block
                0x000002ec        0x8 /home/daniele/.cache/arduino/sketches/CDEF04E6A355EC0E37B06F49DE7C264F/libraries/Camera/camera.cpp.o
 .bss._ZL14user_video_buf
                0x000002f4       0x40 /home/daniele/.cache/arduino/sketches/CDEF04E6A355EC0E37B06F49DE7C264F/libraries/Camera/camera.cpp.o
 .bss.A3_PURE   0x00000334        0x4 /home/daniele/.cache/arduino/sketches/CDEF04E6A355EC0E37B06F49DE7C264F/core/pure_analog_pins.cpp.o
                0x00000334                A3_PURE
 .bss.A2_PURE   0x00000338        0x4 /home/daniele/.cache/arduino/sketches/CDEF04E6A355EC0E37B06F49DE7C264F/core/pure_analog_pins.cpp.o
                0x00000338                A2_PURE
 .bss.A1_PURE   0x0000033c        0x4 /home/daniele/.cache/arduino/sketches/CDEF04E6A355EC0E37B06F49DE7C264F/core/pure_analog_pins.cpp.o
                0x0000033c                A1_PURE
 .bss.A0_PURE   0x00000340        0x4 /home/daniele/.cache/arduino/sketches/CDEF04E6A355EC0E37B06F49DE7C264F/core/pure_analog_pins.cpp.o
                0x00000340                A0_PURE
 .bss.SerialUSB
                0x00000344      0x87c /home/daniele/.cache/arduino/sketches/CDEF04E6A355EC0E37B06F49DE7C264F/core/core.a(USB.cpp.o)
                0x00000344                Serial
                0x00000344                SerialUSB
 .bss._ZN7arduino11INADDR_NONEE
                0x00000bc0       0x18 /home/daniele/.cache/arduino/sketches/CDEF04E6A355EC0E37B06F49DE7C264F/core/core.a(IPAddress.cpp.o)
                0x00000bc0                arduino::INADDR_NONE
 .bss._ZN7arduino11IN6ADDR_ANYE
                0x00000bd8       0x18 /home/daniele/.cache/arduino/sketches/CDEF04E6A355EC0E37B06F49DE7C264F/core/core.a(IPAddress.cpp.o)
                0x00000bd8                arduino::IN6ADDR_ANY
 .bss.Serial5   0x00000bf0      0x86c /home/daniele/.cache/arduino/sketches/CDEF04E6A355EC0E37B06F49DE7C264F/core/core.a(zephyrSerial.cpp.o)
                0x00000bf0                Serial5
 .bss.Serial4   0x0000145c      0x86c /home/daniele/.cache/arduino/sketches/CDEF04E6A355EC0E37B06F49DE7C264F/core/core.a(zephyrSerial.cpp.o)
                0x0000145c                Serial4
 .bss.Serial3   0x00001cc8      0x86c /home/daniele/.cache/arduino/sketches/CDEF04E6A355EC0E37B06F49DE7C264F/core/core.a(zephyrSerial.cpp.o)
                0x00001cc8                Serial3
 .bss.Serial2   0x00002534      0x86c /home/daniele/.cache/arduino/sketches/CDEF04E6A355EC0E37B06F49DE7C264F/core/core.a(zephyrSerial.cpp.o)
                0x00002534                Serial2
 .bss.Serial1   0x00002da0      0x86c /home/daniele/.cache/arduino/sketches/CDEF04E6A355EC0E37B06F49DE7C264F/core/core.a(zephyrSerial.cpp.o)
                0x00002da0                Serial1
 .bss._ZNSs4_Rep20_S_empty_rep_storageE
                0x0000360c       0x10 /home/daniele/.arduino15/packages/zephyr/tools/arm-zephyr-eabi/1.0.1/bin/../lib/gcc/arm-zephyr-eabi/14.3.0/../../../../arm-zephyr-eabi/lib/thumb/v7e-m+dp/hard/libstdc++.a(cow-string-inst.o)
                0x0000360c                std::string::_Rep::_S_empty_rep_storage
 *(.noinit .noinit.*)

.exported_sym   0x0000361c        0x8
 *(.exported_sym)
 .exported_sym  0x0000361c        0x8 /home/daniele/.cache/arduino/sketches/CDEF04E6A355EC0E37B06F49DE7C264F/core/core.a(main.cpp.o)
 *(.exported_sym.*)

.rodata._Z15connect_to_wifiv.str1.1
                0x00000000       0x48
 .rodata._Z15connect_to_wifiv.str1.1
                0x00000000       0x48 /home/daniele/.cache/arduino/sketches/CDEF04E6A355EC0E37B06F49DE7C264F/sketch/CameraCaptureUdpStream.ino.cpp.o

.rodata._ZNSt6vectorIhSaIhEE17_M_realloc_appendIJRKhEEEvDpOT_.str1.1
                0x00000000       0x1a
 .rodata._ZNSt6vectorIhSaIhEE17_M_realloc_appendIJRKhEEEvDpOT_.str1.1
                0x00000000       0x1a /home/daniele/.cache/arduino/sketches/CDEF04E6A355EC0E37B06F49DE7C264F/sketch/CameraCaptureUdpStream.ino.cpp.o

.rodata._Z19send_frame_over_udpPKhjj.str1.1
                0x00000000       0x49
 .rodata._Z19send_frame_over_udpPKhjj.str1.1
                0x00000000       0x49 /home/daniele/.cache/arduino/sketches/CDEF04E6A355EC0E37B06F49DE7C264F/sketch/CameraCaptureUdpStream.ino.cpp.o

.rodata.setup.str1.1
                0x00000000       0x43
 .rodata.setup.str1.1
                0x00000000       0x43 /home/daniele/.cache/arduino/sketches/CDEF04E6A355EC0E37B06F49DE7C264F/sketch/CameraCaptureUdpStream.ino.cpp.o

.rodata._ZTV9ZephyrUDP
                0x00000000       0x54
 .rodata._ZTV9ZephyrUDP
                0x00000000       0x54 /home/daniele/.cache/arduino/sketches/CDEF04E6A355EC0E37B06F49DE7C264F/sketch/CameraCaptureUdpStream.ino.cpp.o
                0x00000000                vtable for ZephyrUDP

.rodata._ZTVSt23_Sp_counted_ptr_inplaceIN9ZephyrUDP11UdpRxPacketESaIvELN9__gnu_cxx12_Lock_policyE0EE
                0x00000000       0x1c
 .rodata._ZTVSt23_Sp_counted_ptr_inplaceIN9ZephyrUDP11UdpRxPacketESaIvELN9__gnu_cxx12_Lock_policyE0EE
                0x00000000       0x1c /home/daniele/.cache/arduino/sketches/CDEF04E6A355EC0E37B06F49DE7C264F/sketch/CameraCaptureUdpStream.ino.cpp.o
                0x00000000                vtable for std::_Sp_counted_ptr_inplace<ZephyrUDP::UdpRxPacket, std::allocator<void>, (__gnu_cxx::_Lock_policy)0>

.rodata.str1.1  0x00000000       0x73
 .rodata.str1.1
                0x00000000       0x15 /home/daniele/.cache/arduino/sketches/CDEF04E6A355EC0E37B06F49DE7C264F/sketch/CameraCaptureUdpStream.ino.cpp.o
 .rodata.str1.1
                0x00000015       0x51 /home/daniele/.cache/arduino/sketches/CDEF04E6A355EC0E37B06F49DE7C264F/core/core.a(main.cpp.o)
 .rodata.str1.1
                0x00000066        0xd /home/daniele/.cache/arduino/sketches/CDEF04E6A355EC0E37B06F49DE7C264F/core/core.a(usb_device_descriptor.c.o)

.rodata._ZZNSt19_Sp_make_shared_tag5_S_tiEvE5__tag
                0x00000000        0x8
 .rodata._ZZNSt19_Sp_make_shared_tag5_S_tiEvE5__tag
                0x00000000        0x8 /home/daniele/.cache/arduino/sketches/CDEF04E6A355EC0E37B06F49DE7C264F/sketch/CameraCaptureUdpStream.ino.cpp.o
                0x00000000                std::_Sp_make_shared_tag::_S_ti()::__tag

.rodata._ZNSt6vectorI16wifi_scan_resultSaIS0_EE17_M_realloc_appendIJRKS0_EEEvDpOT_.str1.1
                0x00000000       0x1a
 .rodata._ZNSt6vectorI16wifi_scan_resultSaIS0_EE17_M_realloc_appendIJRKS0_EEEvDpOT_.str1.1
                0x00000000       0x1a /home/daniele/.cache/arduino/sketches/CDEF04E6A355EC0E37B06F49DE7C264F/libraries/WiFi/WiFi.cpp.o

.rodata.CSWTCH.47
                0x00000000        0x6
 .rodata.CSWTCH.47
                0x00000000        0x6 /home/daniele/.cache/arduino/sketches/CDEF04E6A355EC0E37B06F49DE7C264F/libraries/WiFi/WiFi.cpp.o

.rodata._ZTV9WiFiClass
                0x00000000       0x14
 .rodata._ZTV9WiFiClass
                0x00000000       0x14 /home/daniele/.cache/arduino/sketches/CDEF04E6A355EC0E37B06F49DE7C264F/libraries/WiFi/WiFi.cpp.o
                0x00000000                vtable for WiFiClass

.rodata._ZN6Camera5beginEjjjb.str1.1
                0x00000000      0x135
 .rodata._ZN6Camera5beginEjjjb.str1.1
                0x00000000      0x135 /home/daniele/.cache/arduino/sketches/CDEF04E6A355EC0E37B06F49DE7C264F/libraries/Camera/camera.cpp.o

.rodata._ZN6Camera9grabFrameER11FrameBufferj.str1.1
                0x00000000       0x37
 .rodata._ZN6Camera9grabFrameER11FrameBufferj.str1.1
                0x00000000       0x37 /home/daniele/.cache/arduino/sketches/CDEF04E6A355EC0E37B06F49DE7C264F/libraries/Camera/camera.cpp.o

.rodata._ZN6Camera12releaseFrameER11FrameBuffer.str1.1
                0x00000000       0x1b
 .rodata._ZN6Camera12releaseFrameER11FrameBuffer.str1.1
                0x00000000       0x1b /home/daniele/.cache/arduino/sketches/CDEF04E6A355EC0E37B06F49DE7C264F/libraries/Camera/camera.cpp.o

.rodata._ZZN6Camera5beginEjjjbE15user_buffer_ops
                0x00000000        0x8
 .rodata._ZZN6Camera5beginEjjjbE15user_buffer_ops
                0x00000000        0x8 /home/daniele/.cache/arduino/sketches/CDEF04E6A355EC0E37B06F49DE7C264F/libraries/Camera/camera.cpp.o

.rodata._ZTVN7arduino10SerialUSB_E
                0x00000000       0x34
 .rodata._ZTVN7arduino10SerialUSB_E
                0x00000000       0x34 /home/daniele/.cache/arduino/sketches/CDEF04E6A355EC0E37B06F49DE7C264F/core/core.a(USB.cpp.o)
                0x00000000                vtable for arduino::SerialUSB_

.rodata._ZTVN7arduino9IPAddressE
                0x00000000        0xc
 .rodata._ZTVN7arduino9IPAddressE
                0x00000000        0xc /home/daniele/.cache/arduino/sketches/CDEF04E6A355EC0E37B06F49DE7C264F/core/core.a(IPAddress.cpp.o)
                0x00000000                vtable for arduino::IPAddress

.rodata._ZN7arduino5Print7printlnEv.str1.1
                0x00000000        0x3
 .rodata._ZN7arduino5Print7printlnEv.str1.1
                0x00000000        0x3 /home/daniele/.cache/arduino/sketches/CDEF04E6A355EC0E37B06F49DE7C264F/core/core.a(Print.cpp.o)

.rodata.ascii_hs_cfg_desc
                0x00000000        0x6
 .rodata.ascii_hs_cfg_desc
                0x00000000        0x6 /home/daniele/.cache/arduino/sketches/CDEF04E6A355EC0E37B06F49DE7C264F/core/core.a(usb_device_descriptor.c.o)

.rodata.ascii_fs_cfg_desc
                0x00000000        0x6
 .rodata.ascii_fs_cfg_desc
                0x00000000        0x6 /home/daniele/.cache/arduino/sketches/CDEF04E6A355EC0E37B06F49DE7C264F/core/core.a(usb_device_descriptor.c.o)

.rodata.ascii_sample_product
                0x00000000       0x14
 .rodata.ascii_sample_product
                0x00000000       0x14 /home/daniele/.cache/arduino/sketches/CDEF04E6A355EC0E37B06F49DE7C264F/core/core.a(usb_device_descriptor.c.o)

.rodata.ascii_sample_mfr
                0x00000000        0x8
 .rodata.ascii_sample_mfr
                0x00000000        0x8 /home/daniele/.cache/arduino/sketches/CDEF04E6A355EC0E37B06F49DE7C264F/core/core.a(usb_device_descriptor.c.o)

.rodata.langid_sample_lang
                0x00000000        0x2
 .rodata.langid_sample_lang
                0x00000000        0x2 /home/daniele/.cache/arduino/sketches/CDEF04E6A355EC0E37B06F49DE7C264F/core/core.a(usb_device_descriptor.c.o)

.rodata.blocklist
                0x00000000        0x8
 .rodata.blocklist
                0x00000000        0x8 /home/daniele/.cache/arduino/sketches/CDEF04E6A355EC0E37B06F49DE7C264F/core/core.a(usb_device_descriptor.c.o)

.rodata._ZN6zephyr7arduinoL12arduino_pinsE
                0x00000000       0xd8
 .rodata._ZN6zephyr7arduinoL12arduino_pinsE
                0x00000000       0xd8 /home/daniele/.cache/arduino/sketches/CDEF04E6A355EC0E37B06F49DE7C264F/core/core.a(wiring_digital.cpp.o)

.rodata._ZN6zephyr7arduinoL11pinctrl_mapE
                0x00000000       0x80
 .rodata._ZN6zephyr7arduinoL11pinctrl_mapE
                0x00000000       0x80 /home/daniele/.cache/arduino/sketches/CDEF04E6A355EC0E37B06F49DE7C264F/core/core.a(zephyrPinctrl.cpp.o)

.rodata._ZN6zephyr7arduinoL40__pinctrl_dev_config__device_dts_ord_217E
                0x00000000        0x8
 .rodata._ZN6zephyr7arduinoL40__pinctrl_dev_config__device_dts_ord_217E
                0x00000000        0x8 /home/daniele/.cache/arduino/sketches/CDEF04E6A355EC0E37B06F49DE7C264F/core/core.a(zephyrPinctrl.cpp.o)

.rodata._ZN6zephyr7arduinoL36__pinctrl_states__device_dts_ord_217E
                0x00000000        0x8
 .rodata._ZN6zephyr7arduinoL36__pinctrl_states__device_dts_ord_217E
                0x00000000        0x8 /home/daniele/.cache/arduino/sketches/CDEF04E6A355EC0E37B06F49DE7C264F/core/core.a(zephyrPinctrl.cpp.o)

.rodata._ZN6zephyr7arduinoL42__pinctrl_state_pins_0__device_dts_ord_217E
                0x00000000       0x58
 .rodata._ZN6zephyr7arduinoL42__pinctrl_state_pins_0__device_dts_ord_217E
                0x00000000       0x58 /home/daniele/.cache/arduino/sketches/CDEF04E6A355EC0E37B06F49DE7C264F/core/core.a(zephyrPinctrl.cpp.o)

.rodata._ZN6zephyr7arduinoL39__pinctrl_dev_config__device_dts_ord_12E
                0x00000000        0x8
 .rodata._ZN6zephyr7arduinoL39__pinctrl_dev_config__device_dts_ord_12E
                0x00000000        0x8 /home/daniele/.cache/arduino/sketches/CDEF04E6A355EC0E37B06F49DE7C264F/core/core.a(zephyrPinctrl.cpp.o)

.rodata._ZN6zephyr7arduinoL35__pinctrl_states__device_dts_ord_12E
                0x00000000       0x18
 .rodata._ZN6zephyr7arduinoL35__pinctrl_states__device_dts_ord_12E
                0x00000000       0x18 /home/daniele/.cache/arduino/sketches/CDEF04E6A355EC0E37B06F49DE7C264F/core/core.a(zephyrPinctrl.cpp.o)

.rodata._ZN6zephyr7arduinoL41__pinctrl_state_pins_2__device_dts_ord_12E
                0x00000000       0x10
 .rodata._ZN6zephyr7arduinoL41__pinctrl_state_pins_2__device_dts_ord_12E
                0x00000000       0x10 /home/daniele/.cache/arduino/sketches/CDEF04E6A355EC0E37B06F49DE7C264F/core/core.a(zephyrPinctrl.cpp.o)

.rodata._ZN6zephyr7arduinoL41__pinctrl_state_pins_1__device_dts_ord_12E
                0x00000000        0x0
 .rodata._ZN6zephyr7arduinoL41__pinctrl_state_pins_1__device_dts_ord_12E
                0x00000000        0x0 /home/daniele/.cache/arduino/sketches/CDEF04E6A355EC0E37B06F49DE7C264F/core/core.a(zephyrPinctrl.cpp.o)

.rodata._ZN6zephyr7arduinoL41__pinctrl_state_pins_0__device_dts_ord_12E
                0x00000000        0x0
 .rodata._ZN6zephyr7arduinoL41__pinctrl_state_pins_0__device_dts_ord_12E
                0x00000000        0x0 /home/daniele/.cache/arduino/sketches/CDEF04E6A355EC0E37B06F49DE7C264F/core/core.a(zephyrPinctrl.cpp.o)

.rodata._ZN6zephyr7arduinoL39__pinctrl_dev_config__device_dts_ord_86E
                0x00000000        0x8
 .rodata._ZN6zephyr7arduinoL39__pinctrl_dev_config__device_dts_ord_86E
                0x00000000        0x8 /home/daniele/.cache/arduino/sketches/CDEF04E6A355EC0E37B06F49DE7C264F/core/core.a(zephyrPinctrl.cpp.o)

.rodata._ZN6zephyr7arduinoL35__pinctrl_states__device_dts_ord_86E
                0x00000000       0x18
 .rodata._ZN6zephyr7arduinoL35__pinctrl_states__device_dts_ord_86E
                0x00000000       0x18 /home/daniele/.cache/arduino/sketches/CDEF04E6A355EC0E37B06F49DE7C264F/core/core.a(zephyrPinctrl.cpp.o)

.rodata._ZN6zephyr7arduinoL41__pinctrl_state_pins_2__device_dts_ord_86E
                0x00000000       0x30
 .rodata._ZN6zephyr7arduinoL41__pinctrl_state_pins_2__device_dts_ord_86E
                0x00000000       0x30 /home/daniele/.cache/arduino/sketches/CDEF04E6A355EC0E37B06F49DE7C264F/core/core.a(zephyrPinctrl.cpp.o)

.rodata._ZN6zephyr7arduinoL41__pinctrl_state_pins_1__device_dts_ord_86E
                0x00000000        0x0
 .rodata._ZN6zephyr7arduinoL41__pinctrl_state_pins_1__device_dts_ord_86E